 PhysX3CookingDEBUG_x86

 Timestamp is 59abe5c9 (Sun Sep  3 13:21:45 2017)

 Preferred load address is 10000000

 Start         Length     Name                   Class
 0001:00000000 0000a3b0H .text$di                CODE
 0001:0000a3b0 000dc960H .text$mn                CODE
 0001:000e6d10 000010e8H .text$x                 CODE
 0002:00000000 00000104H .CRT$XCA                DATA
 0002:00000104 000001f4H .CRT$XCU                DATA
 0002:000002f8 00000104H .CRT$XCZ                DATA
 0002:000003fc 00000104H .CRT$XIA                DATA
 0002:00000500 00000110H .CRT$XIC                DATA
 0002:00000610 00000104H .CRT$XIZ                DATA
 0002:00000714 00000104H .CRT$XPA                DATA
 0002:00000818 0000010cH .CRT$XPX                DATA
 0002:00000924 00000104H .CRT$XPXA               DATA
 0002:00000a28 00000104H .CRT$XPZ                DATA
 0002:00000b2c 00000104H .CRT$XTA                DATA
 0002:00000c30 00000110H .CRT$XTZ                DATA
 0002:00000d40 00029e84H .rdata                  DATA
 0002:0002abc4 0000050cH .rdata$r                DATA
 0002:0002b0d0 0000012cH .rdata$sxdata           DATA
 0002:0002b1fc 000001acH .rdata$zzzdbg           DATA
 0002:0002b3a8 00000104H .rtc$IAA                DATA
 0002:0002b4ac 0000015cH .rtc$IMZ                DATA
 0002:0002b608 00000104H .rtc$IZZ                DATA
 0002:0002b70c 00000104H .rtc$TAA                DATA
 0002:0002b810 0000015cH .rtc$TMZ                DATA
 0002:0002b96c 00000104H .rtc$TZZ                DATA
 0002:0002ba70 00000ed0H .xdata$x                DATA
 0002:0002c940 000001a0H .edata                  DATA
 0003:00000000 00000ab0H .data                   DATA
 0003:00000ab0 000005e0H .data$r                 DATA
 0003:00001090 00001ca8H .bss                    DATA
 0004:00000000 000001e0H .idata$5                DATA
 0004:000001e0 00000014H .idata$2                DATA
 0004:000001f4 00000014H .idata$3                DATA
 0004:00000208 000001e0H .idata$4                DATA
 0004:000003e8 00000875H .idata$6                DATA
 0005:00000000 00000040H .didat$2                DATA
 0005:00000040 00000020H .didat$3                DATA
 0005:00000060 00000150H .didat$4                DATA
 0005:000001b0 00000150H .didat$5                DATA
 0005:00000300 00000be8H .didat$6                DATA
 0005:00000ee8 000001edH .didat$7                DATA
 0006:00000000 00000208H .gfids$x                DATA
 0006:00000208 00000202H .gfids$y                DATA
 0007:00000000 00000104H .00cfg                  DATA
 0008:00000000 000001c0H .rsrc$01                DATA
 0008:000001c0 000006a9H .rsrc$02                DATA

  Address         Publics by Value              Rva+Base       Lib:Object

 0000:00000000       ___guard_fids_count        00000000     <absolute>
 0000:00000000       ___guard_iat_table         00000000     <absolute>
 0000:00000000       ___guard_longjmp_count     00000000     <absolute>
 0000:00000000       ___guard_longjmp_table     00000000     <absolute>
 0000:00000000       ___dynamic_value_reloc_table 00000000     <absolute>
 0000:00000000       ___guard_fids_table        00000000     <absolute>
 0000:00000000       ___guard_iat_count         00000000     <absolute>
 0000:00000000       __except_list              00000000     <absolute>
 0000:00000009       ___safe_se_handler_count   00000009     <absolute>
 0000:00000100       ___guard_flags             00000100     <absolute>
 0000:00000000       ___ImageBase               10000000     <linker-defined>
 0001:0000a3b0       _PxSetPhysXCookingDelayLoadHook 1000b3b0 f   WindowsCookingDelayLoadHook.obj
 0001:0000a3c0       ?delayHook@@YGP6GHXZIPAUDelayLoadInfo@@@Z 1000b3c0 f   WindowsCookingDelayLoadHook.obj
 0001:0000a440       ?foundationDliNotePreLoadLibrary@shdfnd@physx@@YGP6GHXZPBDPBVPxFoundationDelayLoadHook@2@@Z 1000b440 f i WindowsCookingDelayLoadHook.obj
 0001:0000a550       ?loadLibrary@Cm@physx@@YGPAUHINSTANCE__@@PBD@Z 1000b550 f i WindowsCookingDelayLoadHook.obj
 0001:0000a570       ?physXCommonDliNotePreLoadLibrary@Cm@physx@@YGP6GHXZPBDPBVPxDelayLoadHook@2@@Z 1000b570 f i WindowsCookingDelayLoadHook.obj
 0001:0000a790       ?saveHeightField@physx@@YA_NABVHeightField@Gu@1@AAVPxOutputStream@1@_N@Z 1000b790 f   HeightFieldCooking.obj
 0001:0000ab40       ??APxVec3@physx@@QBEABMI@Z 1000bb40 f i HeightFieldCooking.obj
 0001:0000abb0       ??B?$PxFlags@W4Enum@PxHeightFieldFlag@physx@@G@physx@@QBEGXZ 1000bbb0 f i HeightFieldCooking.obj
 0001:0000abd0       ?__empty_global_delete@@YAXPAX@Z 1000bbd0 f i HeightFieldCooking.obj
 0001:0000abe0       ?__global_array_delete@@YAXPAXI@Z 1000bbe0 f i HeightFieldCooking.obj
 0001:0000abe0       ?__empty_global_delete@@YAXPAXI@Z 1000bbe0 f i HeightFieldCooking.obj
 0001:0000abe0       ?__global_delete@@YAXPAXI@Z 1000bbe0 f i HeightFieldCooking.obj
 0001:0000abf0       ?getData@HeightField@Gu@physx@@QBEABUHeightFieldData@23@XZ 1000bbf0 f i HeightFieldCooking.obj
 0001:0000ac10       ?getMax@CenterExtents@Gu@physx@@QBEMI@Z 1000bc10 f i HeightFieldCooking.obj
 0001:0000ac60       ?getMin@CenterExtents@Gu@physx@@QBEMI@Z 1000bc60 f i HeightFieldCooking.obj
 0001:0000acb0       ?buildFromTriangles@RTreeCooker@physx@@SAXAAURTree@Gu@2@PBVPxVec3@2@IPBGPBIIAAV?$Array@IVNamedAllocator@shdfnd@physx@@@shdfnd@2@PAURemapCallback@12@MW4Enum@PxMeshCookingHint@2@@Z 1000bcb0 f   RTreeCooking.obj
 0001:0000c030       ??$PX_UNUSED@I@@YAXABI@Z   1000d030 f i RTreeCooking.obj
 0001:0000c040       ??$PX_UNUSED@M@@YAXABM@Z   1000d040 f i RTreeCooking.obj
 0001:0000c050       ??$PX_UNUSED@PAURTreeNodeNQ@physx@@@@YAXABQAURTreeNodeNQ@physx@@@Z 1000d050 f i RTreeCooking.obj
 0001:0000c060       ??$PX_UNUSED@URTreeNodeNQ@physx@@@@YAXABURTreeNodeNQ@physx@@@Z 1000d060 f i RTreeCooking.obj
 0001:0000c070       ??$PxMax@H@physx@@YAHHH@Z  1000d070 f i RTreeCooking.obj
 0001:0000c0a0       ??$PxMax@I@physx@@YAIII@Z  1000d0a0 f i RTreeCooking.obj
 0001:0000c0d0       ??$PxMax@M@physx@@YAMMM@Z  1000d0d0 f i RTreeCooking.obj
 0001:0000c100       ??$PxMin@I@physx@@YAIII@Z  1000d100 f i RTreeCooking.obj
 0001:0000c130       ??$PxMin@M@physx@@YAMMM@Z  1000d130 f i RTreeCooking.obj
 0001:0000c160       ??$median3@I$$CBU?$Less@I@shdfnd@physx@@@internal@shdfnd@physx@@YAXPAIHHABU?$Less@I@12@@Z 1000d160 f i RTreeCooking.obj
 0001:0000c290       ??$median3@I$$CBUSortBoundsPredicate@physx@@@internal@shdfnd@physx@@YAXPAIHHABUSortBoundsPredicate@2@@Z 1000d290 f i RTreeCooking.obj
 0001:0000c3c0       ??$partition@I$$CBU?$Less@I@shdfnd@physx@@@internal@shdfnd@physx@@YAHPAIHHABU?$Less@I@12@@Z 1000d3c0 f i RTreeCooking.obj
 0001:0000c580       ??$partition@I$$CBUSortBoundsPredicate@physx@@@internal@shdfnd@physx@@YAHPAIHHABUSortBoundsPredicate@2@@Z 1000d580 f i RTreeCooking.obj
 0001:0000c740       ??$partition@UBoundsLTE@physx@@@quickSelect@physx@@YAIPIAIIIIABUBoundsLTE@1@@Z 1000d740 f i RTreeCooking.obj
 0001:0000c9d0       ??$quickSelectFirstK@UBoundsLTE@physx@@@quickSelect@physx@@YAXPIAIIIIABUBoundsLTE@1@@Z 1000d9d0 f i RTreeCooking.obj
 0001:0000cb00       ??$smallSort@I$$CBU?$Less@I@shdfnd@physx@@@internal@shdfnd@physx@@YAXPAIHHABU?$Less@I@12@@Z 1000db00 f i RTreeCooking.obj
 0001:0000cbc0       ??$smallSort@I$$CBUSortBoundsPredicate@physx@@@internal@shdfnd@physx@@YAXPAIHHABUSortBoundsPredicate@2@@Z 1000dbc0 f i RTreeCooking.obj
 0001:0000cc80       ??$sort@I@shdfnd@physx@@YAXPAII@Z 1000dc80 f i RTreeCooking.obj
 0001:0000ccc0       ??$sort@IU?$Less@I@shdfnd@physx@@VNamedAllocator@23@@shdfnd@physx@@YAXPAIIABU?$Less@I@01@ABVNamedAllocator@01@I@Z 1000dcc0 f i RTreeCooking.obj
 0001:0000cf80       ??$sort@IUSortBoundsPredicate@physx@@@shdfnd@physx@@YAXPAIIABUSortBoundsPredicate@1@@Z 1000df80 f i RTreeCooking.obj
 0001:0000cfc0       ??$sort@IUSortBoundsPredicate@physx@@VNamedAllocator@shdfnd@2@@shdfnd@physx@@YAXPAIIABUSortBoundsPredicate@1@ABVNamedAllocator@01@I@Z 1000dfc0 f i RTreeCooking.obj
 0001:0000d280       ??$swap@I@shdfnd@physx@@YAXAAI0@Z 1000e280 f i RTreeCooking.obj
 0001:0000d2b0       ??0?$AlignedAllocator@$0IA@VNonTrackingAllocator@shdfnd@physx@@@shdfnd@physx@@QAE@ABVNonTrackingAllocator@12@@Z 1000e2b0 f i RTreeCooking.obj
 0001:0000d2d0       ??0?$Array@IVNamedAllocator@shdfnd@physx@@@shdfnd@physx@@QAE@IABIABVNamedAllocator@12@@Z 1000e2d0 f i RTreeCooking.obj
 0001:0000d330       ??0?$Array@UInterval@physx@@V?$InlineAllocator@$0CA@VNamedAllocator@shdfnd@physx@@@shdfnd@2@@shdfnd@physx@@QAE@ABV?$InlineAllocator@$0CA@VNamedAllocator@shdfnd@physx@@@12@@Z 1000e330 f i RTreeCooking.obj
 0001:0000d380       ??0?$Array@UPxBounds3V@physx@@VNamedAllocator@shdfnd@2@@shdfnd@physx@@QAE@ABVNamedAllocator@12@@Z 1000e380 f i RTreeCooking.obj
 0001:0000d3d0       ??0?$Array@URTreeNodeNQ@physx@@VNamedAllocator@shdfnd@2@@shdfnd@physx@@QAE@ABVNamedAllocator@12@@Z 1000e3d0 f i RTreeCooking.obj
 0001:0000d420       ??0?$Array@URTreeNodeQ@Gu@physx@@VNamedAllocator@shdfnd@3@@shdfnd@physx@@QAE@ABVNamedAllocator@12@@Z 1000e420 f i RTreeCooking.obj
 0001:0000d470       ??0?$Array@VPxVec3@physx@@VNamedAllocator@shdfnd@2@@shdfnd@physx@@QAE@ABVNamedAllocator@12@@Z 1000e470 f i RTreeCooking.obj
 0001:0000d4c0       ??0?$InlineAllocator@$0CA@VNamedAllocator@shdfnd@physx@@@shdfnd@physx@@QAE@ABV012@@Z 1000e4c0 f i RTreeCooking.obj
 0001:0000d4f0       ??0?$InlineAllocator@$0CA@VNamedAllocator@shdfnd@physx@@@shdfnd@physx@@QAE@ABVNamedAllocator@12@@Z 1000e4f0 f i RTreeCooking.obj
 0001:0000d520       ??0?$InlineArray@UInterval@physx@@$03VNamedAllocator@shdfnd@2@@shdfnd@physx@@QAE@ABVNamedAllocator@12@@Z 1000e520 f i RTreeCooking.obj
 0001:0000d580       ??0?$ScopedPointer@HVTempAllocator@shdfnd@physx@@@shdfnd@physx@@QAE@XZ 1000e580 f i RTreeCooking.obj
 0001:0000d5a0       ??0?$Stack@VNamedAllocator@shdfnd@physx@@@internal@shdfnd@physx@@QAE@PAHIABVNamedAllocator@23@@Z 1000e5a0 f i RTreeCooking.obj
 0001:0000d5f0       ??0BoundsLTE@physx@@QAE@IPBVPxVec3@1@@Z 1000e5f0 f i RTreeCooking.obj
 0001:0000d620       ??0Interval@physx@@QAE@II@Z 1000e620 f i RTreeCooking.obj
 0001:0000d650       ??0NonTrackingAllocator@shdfnd@physx@@QAE@PBD@Z 1000e650 f i RTreeCooking.obj
 0001:0000d670       ??0PxBounds3@physx@@QAE@ABV01@@Z 1000e670 f i RTreeCooking.obj
 0001:0000d6b0       ??0PxBounds3@physx@@QAE@ABVPxVec3@1@0@Z 1000e6b0 f i RTreeCooking.obj
 0001:0000d6f0       ??0PxBounds3V@physx@@QAE@AAT__m128@@0@Z 1000e6f0 f i RTreeCooking.obj
 0001:0000d730       ??0PxBounds3V@physx@@QAE@UU@01@@Z 1000e730 f i RTreeCooking.obj
 0001:0000d750       ??0PxVec3@physx@@QAE@ABV01@@Z 1000e750 f i RTreeCooking.obj
 0001:0000d790       ??0PxVec3@physx@@QAE@M@Z   1000e790 f i RTreeCooking.obj
 0001:0000d7e0       ??0PxVec3@physx@@QAE@MMM@Z 1000e7e0 f i RTreeCooking.obj
 0001:0000d830       ??0PxVec3@physx@@QAE@XZ    1000e830 f i RTreeCooking.obj
 0001:0000d850       ??0PxVec4@physx@@QAE@ABVPxVec3@1@M@Z 1000e850 f i RTreeCooking.obj
 0001:0000d8a0       ??0PxVec4@physx@@QAE@M@Z   1000e8a0 f i RTreeCooking.obj
 0001:0000d900       ??0PxVec4@physx@@QAE@MMMM@Z 1000e900 f i RTreeCooking.obj
 0001:0000d960       ??0RTreeNodeNQ@physx@@QAE@ABU01@@Z 1000e960 f i RTreeCooking.obj
 0001:0000d9b0       ??0RTreeNodeNQ@physx@@QAE@XZ 1000e9b0 f i RTreeCooking.obj
 0001:0000d9f0       ??0SortBoundsPredicate@physx@@QAE@IPBUPxBounds3V@1@@Z 1000e9f0 f i RTreeCooking.obj
 0001:0000da20       ??0SubSortQuick@physx@@QAE@PAIPBUPxBounds3V@1@IM@Z 1000ea20 f i RTreeCooking.obj
 0001:0000db80       ??0SubSortSAH@physx@@QAE@PAIPBUPxBounds3V@1@IPBI22222M@Z 1000eb80 f i RTreeCooking.obj
 0001:0000dd20       ??0TempAllocator@shdfnd@physx@@QAE@PBD@Z 1000ed20 f i RTreeCooking.obj
 0001:0000dd40       ??1?$Array@IVNamedAllocator@shdfnd@physx@@@shdfnd@physx@@QAE@XZ 1000ed40 f i RTreeCooking.obj
 0001:0000ddb0       ??1?$Array@UInterval@physx@@V?$InlineAllocator@$0CA@VNamedAllocator@shdfnd@physx@@@shdfnd@2@@shdfnd@physx@@QAE@XZ 1000edb0 f i RTreeCooking.obj
 0001:0000de20       ??1?$Array@UPxBounds3V@physx@@VNamedAllocator@shdfnd@2@@shdfnd@physx@@QAE@XZ 1000ee20 f i RTreeCooking.obj
 0001:0000de90       ??1?$Array@URTreeNodeNQ@physx@@VNamedAllocator@shdfnd@2@@shdfnd@physx@@QAE@XZ 1000ee90 f i RTreeCooking.obj
 0001:0000df00       ??1?$Array@URTreeNodeQ@Gu@physx@@VNamedAllocator@shdfnd@3@@shdfnd@physx@@QAE@XZ 1000ef00 f i RTreeCooking.obj
 0001:0000df70       ??1?$Array@VPxVec3@physx@@VNamedAllocator@shdfnd@2@@shdfnd@physx@@QAE@XZ 1000ef70 f i RTreeCooking.obj
 0001:0000dfe0       ??1?$InlineAllocator@$0CA@VNamedAllocator@shdfnd@physx@@@shdfnd@physx@@QAE@XZ 1000efe0 f i RTreeCooking.obj
 0001:0000e000       ??1?$InlineArray@UInterval@physx@@$03VNamedAllocator@shdfnd@2@@shdfnd@physx@@QAE@XZ 1000f000 f i RTreeCooking.obj
 0001:0000e020       ??1?$ScopedPointer@HVTempAllocator@shdfnd@physx@@@shdfnd@physx@@QAE@XZ 1000f020 f i RTreeCooking.obj
 0001:0000e050       ??1?$Stack@VNamedAllocator@shdfnd@physx@@@internal@shdfnd@physx@@QAE@XZ 1000f050 f i RTreeCooking.obj
 0001:0000e090       ??1SubSortQuick@physx@@QAE@XZ 1000f090 f i RTreeCooking.obj
 0001:0000e0b0       ??1SubSortSAH@physx@@QAE@XZ 1000f0b0 f i RTreeCooking.obj
 0001:0000e160       ??2@YAPAXIPAX@Z            1000f160 f i RTreeCooking.obj
 0001:0000e170       ??4PxVec3@physx@@QAEAAV01@ABV01@@Z 1000f170 f i RTreeCooking.obj
 0001:0000e1b0       ??4PxVec4@physx@@QAEAAV01@ABV01@@Z 1000f1b0 f i RTreeCooking.obj
 0001:0000e200       ??A?$Array@IVNamedAllocator@shdfnd@physx@@@shdfnd@physx@@QAEAAII@Z 1000f200 f i RTreeCooking.obj
 0001:0000e270       ??A?$Array@UInterval@physx@@V?$InlineAllocator@$0CA@VNamedAllocator@shdfnd@physx@@@shdfnd@2@@shdfnd@physx@@QAEAAUInterval@2@I@Z 1000f270 f i RTreeCooking.obj
 0001:0000e2f0       ??A?$Array@URTreeNodeNQ@physx@@VNamedAllocator@shdfnd@2@@shdfnd@physx@@QAEAAURTreeNodeNQ@2@I@Z 1000f2f0 f i RTreeCooking.obj
 0001:0000e360       ??A?$Array@URTreeNodeQ@Gu@physx@@VNamedAllocator@shdfnd@3@@shdfnd@physx@@QAEAAURTreeNodeQ@Gu@2@I@Z 1000f360 f i RTreeCooking.obj
 0001:0000e3d0       ??B?$ScopedPointer@HVTempAllocator@shdfnd@physx@@@shdfnd@physx@@QBEPAHXZ 1000f3d0 f i RTreeCooking.obj
 0001:0000e3f0       ??GPxVec4@physx@@QBE?AV01@ABV01@@Z 1000f3f0 f i RTreeCooking.obj
 0001:0000e480       ??HPxVec3@physx@@QBE?AV01@ABV01@@Z 1000f480 f i RTreeCooking.obj
 0001:0000e4f0       ??KPxVec4@physx@@QBE?AV01@M@Z 1000f4f0 f i RTreeCooking.obj
 0001:0000e590       ??R?$Less@I@shdfnd@physx@@QBE_NABI0@Z 1000f590 f i RTreeCooking.obj
 0001:0000e5d0       ??RBoundsLTE@physx@@QBE_NABI0@Z 1000f5d0 f i RTreeCooking.obj
 0001:0000e660       ??RSortBoundsPredicate@physx@@QBE_NABI0@Z 1000f660 f i RTreeCooking.obj
 0001:0000e790       ??_H@YGXPAXIIP6EPAX0@Z@Z   1000f790 f i RTreeCooking.obj
 0001:0000e7f0       ?FLoad@aos@shdfnd@physx@@YA?AT__m128@@M@Z 1000f7f0 f i RTreeCooking.obj
 0001:0000e830       ?FMax@aos@shdfnd@physx@@YA?AT__m128@@XZ 1000f830 f i RTreeCooking.obj
 0001:0000e880       ?FNegMax@aos@shdfnd@physx@@YA?AT__m128@@XZ 1000f880 f i RTreeCooking.obj
 0001:0000e8d0       ?FStore@aos@shdfnd@physx@@YAXT__m128@@PIAM@Z 1000f8d0 f i RTreeCooking.obj
 0001:0000e970       ?PxAbs@physx@@YAHH@Z       1000f970 f i RTreeCooking.obj
 0001:0000e990       ?PxAbs@physx@@YAMM@Z       1000f990 f i RTreeCooking.obj
 0001:0000e9b0       ?PxIsFinite@physx@@YA_NM@Z 1000f9b0 f i RTreeCooking.obj
 0001:0000e9d0       ?PxMemCopy@physx@@YAPAXPIAXPIBXI@Z 1000f9d0 f i RTreeCooking.obj
 0001:0000e9f0       ?V3Add@aos@shdfnd@physx@@YA?AT__m128@@T4@0@Z 1000f9f0 f i RTreeCooking.obj
 0001:0000eaf0       ?V3Dot@aos@shdfnd@physx@@YA?AT__m128@@T4@0@Z 1000faf0 f i RTreeCooking.obj
 0001:0000ec70       ?V3Load@aos@shdfnd@physx@@YA?AT__m128@@M@Z 1000fc70 f i RTreeCooking.obj
 0001:0000ecd0       ?V3LoadU@aos@shdfnd@physx@@YA?AT__m128@@ABVPxVec3@3@@Z 1000fcd0 f i RTreeCooking.obj
 0001:0000ed30       ?V3Max@aos@shdfnd@physx@@YA?AT__m128@@T4@0@Z 1000fd30 f i RTreeCooking.obj
 0001:0000ee30       ?V3Min@aos@shdfnd@physx@@YA?AT__m128@@T4@0@Z 1000fe30 f i RTreeCooking.obj
 0001:0000ef30       ?V3PermZXY@aos@shdfnd@physx@@YA?AT__m128@@T4@@Z 1000ff30 f i RTreeCooking.obj
 0001:0000efd0       ?V3ReadXYZ@aos@shdfnd@physx@@YAABVPxVec3@3@ABT__m128@@@Z 1000ffd0 f i RTreeCooking.obj
 0001:0000efe0       ?V3Splat@aos@shdfnd@physx@@YA?AT__m128@@T4@@Z 1000ffe0 f i RTreeCooking.obj
 0001:0000f0b0       ?V3StoreA@aos@shdfnd@physx@@YAXT__m128@@AAVPxVec3@3@@Z 100100b0 f i RTreeCooking.obj
 0001:0000f1a0       ?V3StoreU@aos@shdfnd@physx@@YAXT__m128@@AAVPxVec3@3@@Z 100101a0 f i RTreeCooking.obj
 0001:0000f240       ?V3Sub@aos@shdfnd@physx@@YA?AT__m128@@T4@0@Z 10010240 f i RTreeCooking.obj
 0001:0000f340       ?V3Zero@aos@shdfnd@physx@@YA?AT__m128@@XZ 10010340 f i RTreeCooking.obj
 0001:0000f380       ?V4ClearW@aos@shdfnd@physx@@YA?AT__m128@@T4@@Z 10010380 f i RTreeCooking.obj
 0001:0000f3d0       ?V4Load@aos@shdfnd@physx@@YA?AT__m128@@M@Z 100103d0 f i RTreeCooking.obj
 0001:0000f410       ?V4ReadW@aos@shdfnd@physx@@YAMABT__m128@@@Z 10010410 f i RTreeCooking.obj
 0001:0000f420       ?V4ReadX@aos@shdfnd@physx@@YAMABT__m128@@@Z 10010420 f i RTreeCooking.obj
 0001:0000f430       ?V4ReadY@aos@shdfnd@physx@@YAMABT__m128@@@Z 10010430 f i RTreeCooking.obj
 0001:0000f440       ?V4ReadZ@aos@shdfnd@physx@@YAMABT__m128@@@Z 10010440 f i RTreeCooking.obj
 0001:0000f450       ?V4StoreA@aos@shdfnd@physx@@YAXT__m128@@PAM@Z 10010450 f i RTreeCooking.obj
 0001:0000f4f0       ?Vec3V_From_FloatV@aos@shdfnd@physx@@YA?AT__m128@@T4@@Z 100104f0 f i RTreeCooking.obj
 0001:0000f550       ?Vec3V_From_Vec4V@aos@shdfnd@physx@@YA?AT__m128@@T4@@Z 10010550 f i RTreeCooking.obj
 0001:0000f5a0       ?Vec4V_From_FloatV@aos@shdfnd@physx@@YA?AT__m128@@T4@@Z 100105a0 f i RTreeCooking.obj
 0001:0000f5e0       ?abs@intrinsics@physx@@YAMM@Z 100105e0 f i RTreeCooking.obj
 0001:0000f600       ?allocate@?$AlignedAllocator@$0IA@VNonTrackingAllocator@shdfnd@physx@@@shdfnd@physx@@QAEPAXIPBDH@Z 10010600 f i RTreeCooking.obj
 0001:0000f680       ?allocate@?$Array@IVNamedAllocator@shdfnd@physx@@@shdfnd@physx@@IAEPAII@Z 10010680 f i RTreeCooking.obj
 0001:0000f700       ?allocate@?$Array@UInterval@physx@@V?$InlineAllocator@$0CA@VNamedAllocator@shdfnd@physx@@@shdfnd@2@@shdfnd@physx@@IAEPAUInterval@3@I@Z 10010700 f i RTreeCooking.obj
 0001:0000f780       ?allocate@?$Array@UPxBounds3V@physx@@VNamedAllocator@shdfnd@2@@shdfnd@physx@@IAEPAUPxBounds3V@3@I@Z 10010780 f i RTreeCooking.obj
 0001:0000f800       ?allocate@?$Array@URTreeNodeNQ@physx@@VNamedAllocator@shdfnd@2@@shdfnd@physx@@IAEPAURTreeNodeNQ@3@I@Z 10010800 f i RTreeCooking.obj
 0001:0000f880       ?allocate@?$Array@URTreeNodeQ@Gu@physx@@VNamedAllocator@shdfnd@3@@shdfnd@physx@@IAEPAURTreeNodeQ@Gu@3@I@Z 10010880 f i RTreeCooking.obj
 0001:0000f900       ?allocate@?$Array@VPxVec3@physx@@VNamedAllocator@shdfnd@2@@shdfnd@physx@@IAEPAVPxVec3@3@I@Z 10010900 f i RTreeCooking.obj
 0001:0000f980       ?allocate@?$InlineAllocator@$0CA@VNamedAllocator@shdfnd@physx@@@shdfnd@physx@@QAEPAXIPBDH@Z 10010980 f i RTreeCooking.obj
 0001:0000f9d0       ?allocate@NonTrackingAllocator@shdfnd@physx@@QAEPAXIPBDH@Z 100109d0 f i RTreeCooking.obj
 0001:0000fa30       ?begin@?$Array@IVNamedAllocator@shdfnd@physx@@@shdfnd@physx@@QAEPAIXZ 10010a30 f i RTreeCooking.obj
 0001:0000fa50       ?begin@?$Array@UPxBounds3V@physx@@VNamedAllocator@shdfnd@2@@shdfnd@physx@@QAEPAUPxBounds3V@3@XZ 10010a50 f i RTreeCooking.obj
 0001:0000fa70       ?begin@?$Array@VPxVec3@physx@@VNamedAllocator@shdfnd@2@@shdfnd@physx@@QAEPAVPxVec3@3@XZ 10010a70 f i RTreeCooking.obj
 0001:0000fa90       ?capacity@?$Array@IVNamedAllocator@shdfnd@physx@@@shdfnd@physx@@QBEIXZ 10010a90 f i RTreeCooking.obj
 0001:0000fab0       ?capacity@?$Array@UInterval@physx@@V?$InlineAllocator@$0CA@VNamedAllocator@shdfnd@physx@@@shdfnd@2@@shdfnd@physx@@QBEIXZ 10010ab0 f i RTreeCooking.obj
 0001:0000fad0       ?capacity@?$Array@UPxBounds3V@physx@@VNamedAllocator@shdfnd@2@@shdfnd@physx@@QBEIXZ 10010ad0 f i RTreeCooking.obj
 0001:0000faf0       ?capacity@?$Array@URTreeNodeNQ@physx@@VNamedAllocator@shdfnd@2@@shdfnd@physx@@QBEIXZ 10010af0 f i RTreeCooking.obj
 0001:0000fb10       ?capacity@?$Array@URTreeNodeQ@Gu@physx@@VNamedAllocator@shdfnd@3@@shdfnd@physx@@QBEIXZ 10010b10 f i RTreeCooking.obj
 0001:0000fb30       ?capacity@?$Array@VPxVec3@physx@@VNamedAllocator@shdfnd@2@@shdfnd@physx@@QBEIXZ 10010b30 f i RTreeCooking.obj
 0001:0000fb50       ?capacityIncrement@?$Array@IVNamedAllocator@shdfnd@physx@@@shdfnd@physx@@IBEIXZ 10010b50 f i RTreeCooking.obj
 0001:0000fb90       ?capacityIncrement@?$Array@UInterval@physx@@V?$InlineAllocator@$0CA@VNamedAllocator@shdfnd@physx@@@shdfnd@2@@shdfnd@physx@@IBEIXZ 10010b90 f i RTreeCooking.obj
 0001:0000fbd0       ?capacityIncrement@?$Array@UPxBounds3V@physx@@VNamedAllocator@shdfnd@2@@shdfnd@physx@@IBEIXZ 10010bd0 f i RTreeCooking.obj
 0001:0000fc10       ?capacityIncrement@?$Array@URTreeNodeNQ@physx@@VNamedAllocator@shdfnd@2@@shdfnd@physx@@IBEIXZ 10010c10 f i RTreeCooking.obj
 0001:0000fc50       ?capacityIncrement@?$Array@URTreeNodeQ@Gu@physx@@VNamedAllocator@shdfnd@3@@shdfnd@physx@@IBEIXZ 10010c50 f i RTreeCooking.obj
 0001:0000fc90       ?capacityIncrement@?$Array@VPxVec3@physx@@VNamedAllocator@shdfnd@2@@shdfnd@physx@@IBEIXZ 10010c90 f i RTreeCooking.obj
 0001:0000fcd0       ?computeSA@SubSortSAH@physx@@QAEMPBIABUInterval@2@@Z 10010cd0 f i RTreeCooking.obj
 0001:0000fe50       ?copy@?$Array@IVNamedAllocator@shdfnd@physx@@@shdfnd@physx@@KAXPAI0PBI@Z 10010e50 f i RTreeCooking.obj
 0001:0000ff00       ?copy@?$Array@UInterval@physx@@V?$InlineAllocator@$0CA@VNamedAllocator@shdfnd@physx@@@shdfnd@2@@shdfnd@physx@@KAXPAUInterval@3@0PBU43@@Z 10010f00 f i RTreeCooking.obj
 0001:0000ffc0       ?copy@?$Array@UPxBounds3V@physx@@VNamedAllocator@shdfnd@2@@shdfnd@physx@@KAXPAUPxBounds3V@3@0PBU43@@Z 10010fc0 f i RTreeCooking.obj
 0001:00010080       ?copy@?$Array@URTreeNodeNQ@physx@@VNamedAllocator@shdfnd@2@@shdfnd@physx@@KAXPAURTreeNodeNQ@3@0PBU43@@Z 10011080 f i RTreeCooking.obj
 0001:00010130       ?copy@?$Array@URTreeNodeQ@Gu@physx@@VNamedAllocator@shdfnd@3@@shdfnd@physx@@KAXPAURTreeNodeQ@Gu@3@0PBU453@@Z 10011130 f i RTreeCooking.obj
 0001:00010200       ?copy@?$Array@VPxVec3@physx@@VNamedAllocator@shdfnd@2@@shdfnd@physx@@KAXPAVPxVec3@3@0PBV43@@Z 10011200 f i RTreeCooking.obj
 0001:000102c0       ?create@?$Array@IVNamedAllocator@shdfnd@physx@@@shdfnd@physx@@KAXPAI0ABI@Z 100112c0 f i RTreeCooking.obj
 0001:00010370       ?deallocate@?$Array@IVNamedAllocator@shdfnd@physx@@@shdfnd@physx@@IAEXPAX@Z 10011370 f i RTreeCooking.obj
 0001:00010390       ?deallocate@?$Array@UInterval@physx@@V?$InlineAllocator@$0CA@VNamedAllocator@shdfnd@physx@@@shdfnd@2@@shdfnd@physx@@IAEXPAX@Z 10011390 f i RTreeCooking.obj
 0001:000103b0       ?deallocate@?$Array@UPxBounds3V@physx@@VNamedAllocator@shdfnd@2@@shdfnd@physx@@IAEXPAX@Z 100113b0 f i RTreeCooking.obj
 0001:000103d0       ?deallocate@?$Array@URTreeNodeNQ@physx@@VNamedAllocator@shdfnd@2@@shdfnd@physx@@IAEXPAX@Z 100113d0 f i RTreeCooking.obj
 0001:000103f0       ?deallocate@?$Array@URTreeNodeQ@Gu@physx@@VNamedAllocator@shdfnd@3@@shdfnd@physx@@IAEXPAX@Z 100113f0 f i RTreeCooking.obj
 0001:00010410       ?deallocate@?$Array@VPxVec3@physx@@VNamedAllocator@shdfnd@2@@shdfnd@physx@@IAEXPAX@Z 10011410 f i RTreeCooking.obj
 0001:00010430       ?deallocate@?$InlineAllocator@$0CA@VNamedAllocator@shdfnd@physx@@@shdfnd@physx@@QAEXPAX@Z 10011430 f i RTreeCooking.obj
 0001:00010470       ?destroy@?$Array@IVNamedAllocator@shdfnd@physx@@@shdfnd@physx@@KAXPAI0@Z 10011470 f i RTreeCooking.obj
 0001:000104a0       ?destroy@?$Array@UInterval@physx@@V?$InlineAllocator@$0CA@VNamedAllocator@shdfnd@physx@@@shdfnd@2@@shdfnd@physx@@KAXPAUInterval@3@0@Z 100114a0 f i RTreeCooking.obj
 0001:000104d0       ?destroy@?$Array@UPxBounds3V@physx@@VNamedAllocator@shdfnd@2@@shdfnd@physx@@KAXPAUPxBounds3V@3@0@Z 100114d0 f i RTreeCooking.obj
 0001:00010500       ?destroy@?$Array@URTreeNodeNQ@physx@@VNamedAllocator@shdfnd@2@@shdfnd@physx@@KAXPAURTreeNodeNQ@3@0@Z 10011500 f i RTreeCooking.obj
 0001:00010530       ?destroy@?$Array@URTreeNodeQ@Gu@physx@@VNamedAllocator@shdfnd@3@@shdfnd@physx@@KAXPAURTreeNodeQ@Gu@3@0@Z 10011530 f i RTreeCooking.obj
 0001:00010560       ?destroy@?$Array@VPxVec3@physx@@VNamedAllocator@shdfnd@2@@shdfnd@physx@@KAXPAVPxVec3@3@0@Z 10011560 f i RTreeCooking.obj
 0001:00010590       ?empty@?$Stack@VNamedAllocator@shdfnd@physx@@@internal@shdfnd@physx@@QAE_NXZ 10011590 f i RTreeCooking.obj
 0001:000105d0       ?empty@PxBounds3@physx@@SA?AV12@XZ 100115d0 f i RTreeCooking.obj
 0001:00010630       ?getExtents@PxBounds3V@physx@@QBE?AT__m128@@XZ 10011630 f i RTreeCooking.obj
 0001:00010690       ?getMaxVec3@PxBounds3V@physx@@QBE?BVPxVec3@2@XZ 10011690 f i RTreeCooking.obj
 0001:000106e0       ?getMinVec3@PxBounds3V@physx@@QBE?BVPxVec3@2@XZ 100116e0 f i RTreeCooking.obj
 0001:00010730       ?grow@?$Array@IVNamedAllocator@shdfnd@physx@@@shdfnd@physx@@IAEXI@Z 10011730 f i RTreeCooking.obj
 0001:000107b0       ?grow@?$Array@UPxBounds3V@physx@@VNamedAllocator@shdfnd@2@@shdfnd@physx@@IAEXI@Z 100117b0 f i RTreeCooking.obj
 0001:00010830       ?grow@?$Array@URTreeNodeNQ@physx@@VNamedAllocator@shdfnd@2@@shdfnd@physx@@IAEXI@Z 10011830 f i RTreeCooking.obj
 0001:000108b0       ?grow@?$Array@URTreeNodeQ@Gu@physx@@VNamedAllocator@shdfnd@3@@shdfnd@physx@@IAEXI@Z 100118b0 f i RTreeCooking.obj
 0001:00010930       ?grow@?$Array@VPxVec3@physx@@VNamedAllocator@shdfnd@2@@shdfnd@physx@@IAEXI@Z 10011930 f i RTreeCooking.obj
 0001:000109b0       ?grow@?$Stack@VNamedAllocator@shdfnd@physx@@@internal@shdfnd@physx@@QAEXXZ 100119b0 f i RTreeCooking.obj
 0001:00010a60       ?growAndPushBack@?$Array@IVNamedAllocator@shdfnd@physx@@@shdfnd@physx@@IAEAAIABI@Z 10011a60 f i RTreeCooking.obj
 0001:00010bf0       ?growAndPushBack@?$Array@UInterval@physx@@V?$InlineAllocator@$0CA@VNamedAllocator@shdfnd@physx@@@shdfnd@2@@shdfnd@physx@@IAEAAUInterval@3@ABU43@@Z 10011bf0 f i RTreeCooking.obj
 0001:00010d90       ?growAndPushBack@?$Array@UPxBounds3V@physx@@VNamedAllocator@shdfnd@2@@shdfnd@physx@@IAEAAUPxBounds3V@3@ABU43@@Z 10011d90 f i RTreeCooking.obj
 0001:00010f20       ?growAndPushBack@?$Array@URTreeNodeNQ@physx@@VNamedAllocator@shdfnd@2@@shdfnd@physx@@IAEAAURTreeNodeNQ@3@ABU43@@Z 10011f20 f i RTreeCooking.obj
 0001:000110b0       ?growAndPushBack@?$Array@URTreeNodeQ@Gu@physx@@VNamedAllocator@shdfnd@3@@shdfnd@physx@@IAEAAURTreeNodeQ@Gu@3@ABU453@@Z 100120b0 f i RTreeCooking.obj
 0001:00011240       ?growAndPushBack@?$Array@VPxVec3@physx@@VNamedAllocator@shdfnd@2@@shdfnd@physx@@IAEAAVPxVec3@3@ABV43@@Z 10012240 f i RTreeCooking.obj
 0001:000113c0       ?include@PxBounds3V@physx@@QAEXABU12@@Z 100123c0 f i RTreeCooking.obj
 0001:00011440       ?isAligned16@aos@shdfnd@physx@@YA_NPAX@Z 10012440 f i RTreeCooking.obj
 0001:00011470       ?isArrayOfPOD@?$Array@IVNamedAllocator@shdfnd@physx@@@shdfnd@physx@@SA_NXZ 10012470 f i RTreeCooking.obj
 0001:00011480       ?isArrayOfPOD@?$Array@UInterval@physx@@V?$InlineAllocator@$0CA@VNamedAllocator@shdfnd@physx@@@shdfnd@2@@shdfnd@physx@@SA_NXZ 10012480 f i RTreeCooking.obj
 0001:00011490       ?isArrayOfPOD@?$Array@UPxBounds3V@physx@@VNamedAllocator@shdfnd@2@@shdfnd@physx@@SA_NXZ 10012490 f i RTreeCooking.obj
 0001:000114a0       ?isArrayOfPOD@?$Array@URTreeNodeNQ@physx@@VNamedAllocator@shdfnd@2@@shdfnd@physx@@SA_NXZ 100124a0 f i RTreeCooking.obj
 0001:000114b0       ?isArrayOfPOD@?$Array@URTreeNodeQ@Gu@physx@@VNamedAllocator@shdfnd@3@@shdfnd@physx@@SA_NXZ 100124b0 f i RTreeCooking.obj
 0001:000114c0       ?isArrayOfPOD@?$Array@VPxVec3@physx@@VNamedAllocator@shdfnd@2@@shdfnd@physx@@SA_NXZ 100124c0 f i RTreeCooking.obj
 0001:000114d0       ?isFinite@PxBounds3@physx@@QBE_NXZ 100124d0 f i RTreeCooking.obj
 0001:00011530       ?isFinite@PxVec3@physx@@QBE_NXZ 10012530 f i RTreeCooking.obj
 0001:000115d0       ?isFinite@intrinsics@physx@@YA_NM@Z 100125d0 f i RTreeCooking.obj
 0001:00011620       ?isInUserMemory@?$Array@IVNamedAllocator@shdfnd@physx@@@shdfnd@physx@@QBEIXZ 10012620 f i RTreeCooking.obj
 0001:00011640       ?isInUserMemory@?$Array@UInterval@physx@@V?$InlineAllocator@$0CA@VNamedAllocator@shdfnd@physx@@@shdfnd@2@@shdfnd@physx@@QBEIXZ 10012640 f i RTreeCooking.obj
 0001:00011660       ?isInUserMemory@?$Array@UPxBounds3V@physx@@VNamedAllocator@shdfnd@2@@shdfnd@physx@@QBEIXZ 10012660 f i RTreeCooking.obj
 0001:00011680       ?isInUserMemory@?$Array@URTreeNodeNQ@physx@@VNamedAllocator@shdfnd@2@@shdfnd@physx@@QBEIXZ 10012680 f i RTreeCooking.obj
 0001:000116a0       ?isInUserMemory@?$Array@URTreeNodeQ@Gu@physx@@VNamedAllocator@shdfnd@3@@shdfnd@physx@@QBEIXZ 100126a0 f i RTreeCooking.obj
 0001:000116c0       ?isInUserMemory@?$Array@VPxVec3@physx@@VNamedAllocator@shdfnd@2@@shdfnd@physx@@QBEIXZ 100126c0 f i RTreeCooking.obj
 0001:000116e0       ?isInside@PxBounds3@physx@@QBE_NABV12@@Z 100126e0 f i RTreeCooking.obj
 0001:00011800       ?isLeaf@RTreeNodeQ@Gu@physx@@QBEIXZ 10012800 f i RTreeCooking.obj
 0001:00011820       ?isValid@PxBounds3@physx@@QBE_NXZ 10012820 f i RTreeCooking.obj
 0001:00011940       ?isValidFloatV@aos@shdfnd@physx@@YA_NT__m128@@@Z 10012940 f i RTreeCooking.obj
 0001:00011b10       ?isValidVec3V@aos@shdfnd@physx@@YA_NT__m128@@@Z 10012b10 f i RTreeCooking.obj
 0001:00011b90       ?isZeroInit@?$Array@IVNamedAllocator@shdfnd@physx@@@shdfnd@physx@@KA_NABI@Z 10012b90 f i RTreeCooking.obj
 0001:00011bf0       ?memCopy@intrinsics@physx@@YAPAXPIAXPIBXI@Z 10012bf0 f i RTreeCooking.obj
 0001:00011c10       ?memZero@intrinsics@physx@@YAPAXPAXI@Z 10012c10 f i RTreeCooking.obj
 0001:00011c30       ?pop@?$Stack@VNamedAllocator@shdfnd@physx@@@internal@shdfnd@physx@@QAEXAAH0@Z 10012c30 f i RTreeCooking.obj
 0001:00011d00       ?popBack@?$Array@IVNamedAllocator@shdfnd@physx@@@shdfnd@physx@@QAEIXZ 10012d00 f i RTreeCooking.obj
 0001:00011dc0       ?push@?$Stack@VNamedAllocator@shdfnd@physx@@@internal@shdfnd@physx@@QAEXHH@Z 10012dc0 f i RTreeCooking.obj
 0001:00011e50       ?pushBack@?$Array@IVNamedAllocator@shdfnd@physx@@@shdfnd@physx@@QAEAAIABI@Z 10012e50 f i RTreeCooking.obj
 0001:00011f00       ?pushBack@?$Array@UInterval@physx@@V?$InlineAllocator@$0CA@VNamedAllocator@shdfnd@physx@@@shdfnd@2@@shdfnd@physx@@QAEAAUInterval@3@ABU43@@Z 10012f00 f i RTreeCooking.obj
 0001:00011fc0       ?pushBack@?$Array@UPxBounds3V@physx@@VNamedAllocator@shdfnd@2@@shdfnd@physx@@QAEAAUPxBounds3V@3@ABU43@@Z 10012fc0 f i RTreeCooking.obj
 0001:00012080       ?pushBack@?$Array@URTreeNodeNQ@physx@@VNamedAllocator@shdfnd@2@@shdfnd@physx@@QAEAAURTreeNodeNQ@3@ABU43@@Z 10013080 f i RTreeCooking.obj
 0001:00012130       ?pushBack@?$Array@URTreeNodeQ@Gu@physx@@VNamedAllocator@shdfnd@3@@shdfnd@physx@@QAEAAURTreeNodeQ@Gu@3@ABU453@@Z 10013130 f i RTreeCooking.obj
 0001:000121f0       ?pushBack@?$Array@VPxVec3@physx@@VNamedAllocator@shdfnd@2@@shdfnd@physx@@QAEAAVPxVec3@3@ABV43@@Z 100131f0 f i RTreeCooking.obj
 0001:000122a0       ?recreate@?$Array@IVNamedAllocator@shdfnd@physx@@@shdfnd@physx@@IAEXI@Z 100132a0 f i RTreeCooking.obj
 0001:000123b0       ?recreate@?$Array@UPxBounds3V@physx@@VNamedAllocator@shdfnd@2@@shdfnd@physx@@IAEXI@Z 100133b0 f i RTreeCooking.obj
 0001:000124c0       ?recreate@?$Array@URTreeNodeNQ@physx@@VNamedAllocator@shdfnd@2@@shdfnd@physx@@IAEXI@Z 100134c0 f i RTreeCooking.obj
 0001:000125d0       ?recreate@?$Array@URTreeNodeQ@Gu@physx@@VNamedAllocator@shdfnd@3@@shdfnd@physx@@IAEXI@Z 100135d0 f i RTreeCooking.obj
 0001:000126d0       ?recreate@?$Array@VPxVec3@physx@@VNamedAllocator@shdfnd@2@@shdfnd@physx@@IAEXI@Z 100136d0 f i RTreeCooking.obj
 0001:000127d0       ?replaceWithLast@?$Array@UInterval@physx@@V?$InlineAllocator@$0CA@VNamedAllocator@shdfnd@physx@@@shdfnd@2@@shdfnd@physx@@QAEXI@Z 100137d0 f i RTreeCooking.obj
 0001:00012880       ?reserve@?$Array@IVNamedAllocator@shdfnd@physx@@@shdfnd@physx@@QAEXI@Z 10013880 f i RTreeCooking.obj
 0001:000128b0       ?reserve@?$Array@UPxBounds3V@physx@@VNamedAllocator@shdfnd@2@@shdfnd@physx@@QAEXI@Z 100138b0 f i RTreeCooking.obj
 0001:000128e0       ?reserve@?$Array@URTreeNodeNQ@physx@@VNamedAllocator@shdfnd@2@@shdfnd@physx@@QAEXI@Z 100138e0 f i RTreeCooking.obj
 0001:00012910       ?reserve@?$Array@URTreeNodeQ@Gu@physx@@VNamedAllocator@shdfnd@3@@shdfnd@physx@@QAEXI@Z 10013910 f i RTreeCooking.obj
 0001:00012940       ?reserve@?$Array@VPxVec3@physx@@VNamedAllocator@shdfnd@2@@shdfnd@physx@@QAEXI@Z 10013940 f i RTreeCooking.obj
 0001:00012970       ?resize@?$Array@IVNamedAllocator@shdfnd@physx@@@shdfnd@physx@@QAEXIABI@Z 10013970 f i RTreeCooking.obj
 0001:00012a00       ?resizeUninitialized@?$Array@URTreeNodeNQ@physx@@VNamedAllocator@shdfnd@2@@shdfnd@physx@@QAEXI@Z 10013a00 f i RTreeCooking.obj
 0001:00012a30       ?selectMax@intrinsics@physx@@YAMMM@Z 10013a30 f i RTreeCooking.obj
 0001:00012a70       ?selectMin@intrinsics@physx@@YAMMM@Z 10013a70 f i RTreeCooking.obj
 0001:00012ab0       ?setEmpty@PxBounds3@physx@@QAEXXZ 10013ab0 f i RTreeCooking.obj
 0001:00012b20       ?setLeaf@RTreeNodeQ@Gu@physx@@QAEX_N@Z 10013b20 f i RTreeCooking.obj
 0001:00012b70       ?size@?$Array@IVNamedAllocator@shdfnd@physx@@@shdfnd@physx@@QBEIXZ 10013b70 f i RTreeCooking.obj
 0001:00012b90       ?size@?$Array@UInterval@physx@@V?$InlineAllocator@$0CA@VNamedAllocator@shdfnd@physx@@@shdfnd@2@@shdfnd@physx@@QBEIXZ 10013b90 f i RTreeCooking.obj
 0001:00012bb0       ?size@?$Array@URTreeNodeNQ@physx@@VNamedAllocator@shdfnd@2@@shdfnd@physx@@QBEIXZ 10013bb0 f i RTreeCooking.obj
 0001:00012bd0       ?size@?$Array@URTreeNodeQ@Gu@physx@@VNamedAllocator@shdfnd@3@@shdfnd@physx@@QBEIXZ 10013bd0 f i RTreeCooking.obj
 0001:00012bf0       ?size@?$Array@VPxVec3@physx@@VNamedAllocator@shdfnd@2@@shdfnd@physx@@QBEIXZ 10013bf0 f i RTreeCooking.obj
 0001:00012c10       ?sort4@SubSortQuick@physx@@QAEXPIAIIAAV?$Array@URTreeNodeNQ@physx@@VNamedAllocator@shdfnd@2@@shdfnd@2@AAIAAUPxBounds3V@2@I@Z 10013c10 f i RTreeCooking.obj
 0001:00013480       ?sort4@SubSortSAH@physx@@QAEXPAIIAAV?$Array@URTreeNodeNQ@physx@@VNamedAllocator@shdfnd@2@@shdfnd@2@AAIIPAURTreeNodeNQ@2@@Z 10014480 f i RTreeCooking.obj
 0001:00014230       ?split@SubSortSAH@physx@@QAEIPAII@Z 10015230 f i RTreeCooking.obj
 0001:00014eb0       _fabsf                     10015eb0 f i RTreeCooking.obj
 0001:00014ee0       ??0TriangleMeshBuilder@physx@@QAE@AAVTriangleMeshData@Gu@1@ABUPxCookingParams@1@@Z 10015ee0 f   TriangleMeshBuilder.obj
 0001:00014f20       ??1TriangleMeshBuilder@physx@@UAE@XZ 10015f20 f   TriangleMeshBuilder.obj
 0001:00014f40       ?cleanMesh@TriangleMeshBuilder@physx@@QAE_N_NPAW4Enum@PxTriangleMeshCookingResult@2@@Z 10015f40 f   TriangleMeshBuilder.obj
 0001:000154e0       ?remapTopology@TriangleMeshBuilder@physx@@QAEXPBI@Z 100164e0 f   TriangleMeshBuilder.obj
 0001:00015780       ?createSharedEdgeData@TriangleMeshBuilder@physx@@QAEX_N0@Z 10016780 f   TriangleMeshBuilder.obj
 0001:00015d70       ?recordTriangleIndices@TriangleMeshBuilder@physx@@QAEXXZ 10016d70 f   TriangleMeshBuilder.obj
 0001:00015ec0       ?createGRBMidPhaseAndData@TriangleMeshBuilder@physx@@QAEXI@Z 10016ec0 f   TriangleMeshBuilder.obj
 0001:00016110       ?createGRBData@TriangleMeshBuilder@physx@@QAEXXZ 10017110 f   TriangleMeshBuilder.obj
 0001:000163c0       ?loadFromDesc@TriangleMeshBuilder@physx@@QAE_NABVPxTriangleMeshDesc@2@PAW4Enum@PxTriangleMeshCookingResult@2@_N@Z 100173c0 f   TriangleMeshBuilder.obj
 0001:000165c0       ?save@TriangleMeshBuilder@physx@@QBE_NAAVPxOutputStream@2@_NABUPxCookingParams@2@@Z 100175c0 f   TriangleMeshBuilder.obj
 0001:00016cd0       ?checkMeshIndicesSize@TriangleMeshBuilder@physx@@QAEXXZ 10017cd0 f   TriangleMeshBuilder.obj
 0001:00016e60       ?computeLocalBounds@TriangleMeshBuilder@physx@@IAEXXZ 10017e60 f   TriangleMeshBuilder.obj
 0001:00016f70       ?importMesh@TriangleMeshBuilder@physx@@IAE_NABVPxTriangleMeshDesc@2@ABUPxCookingParams@2@PAW4Enum@PxTriangleMeshCookingResult@2@_N@Z 10017f70 f   TriangleMeshBuilder.obj
 0001:000173e0       ?releaseEdgeList@TriangleMeshBuilder@physx@@IAEXXZ 100183e0 f   TriangleMeshBuilder.obj
 0001:00017430       ?createEdgeList@TriangleMeshBuilder@physx@@IAEXXZ 10018430 f   TriangleMeshBuilder.obj
 0001:00017540       ??0RTreeTriangleMeshBuilder@physx@@QAE@ABUPxCookingParams@1@@Z 10018540 f   TriangleMeshBuilder.obj
 0001:00017580       ??1RTreeTriangleMeshBuilder@physx@@UAE@XZ 10018580 f   TriangleMeshBuilder.obj
 0001:000175b0       ?createMidPhaseStructure@RTreeTriangleMeshBuilder@physx@@UAEXXZ 100185b0 f   TriangleMeshBuilder.obj
 0001:00017760       ?saveMidPhaseStructure@RTreeTriangleMeshBuilder@physx@@UBEXAAVPxOutputStream@2@@Z 10018760 f   TriangleMeshBuilder.obj
 0001:00017790       ??0BV4TriangleMeshBuilder@physx@@QAE@ABUPxCookingParams@1@@Z 10018790 f   TriangleMeshBuilder.obj
 0001:000177d0       ??1BV4TriangleMeshBuilder@physx@@UAE@XZ 100187d0 f   TriangleMeshBuilder.obj
 0001:00017800       ?createMidPhaseStructure@BV4TriangleMeshBuilder@physx@@UAEXXZ 10018800 f   TriangleMeshBuilder.obj
 0001:00017b10       ?saveMidPhaseStructure@BV4TriangleMeshBuilder@physx@@UBEXAAVPxOutputStream@2@@Z 10018b10 f   TriangleMeshBuilder.obj
 0001:00017d70       ?onMeshIndexFormatChange@BV4TriangleMeshBuilder@physx@@UAEXXZ 10018d70 f   TriangleMeshBuilder.obj
 0001:00017de0       ?createMidPhaseStructure@BV32TriangleMeshBuilder@physx@@SAXABUPxCookingParams@2@AAVTriangleMeshData@Gu@2@AAVBV32Tree@52@@Z 10018de0 f   TriangleMeshBuilder.obj
 0001:00017fe0       ?saveMidPhaseStructure@BV32TriangleMeshBuilder@physx@@SAXPAVBV32Tree@Gu@2@AAVPxOutputStream@2@@Z 10018fe0 f   TriangleMeshBuilder.obj
 0001:00018760       ?findSharpVertices@GrbTrimeshCookerHelper@physx@@YAXAAV?$Array@USortedNeighbor@GrbTrimeshCookerHelper@physx@@VNamedAllocator@shdfnd@3@@shdfnd@2@AAV?$Array@USharpEdgeRange@GrbTrimeshCookerHelper@physx@@VNamedAllocator@shdfnd@3@@42@PBUuint3@2@PBUuint4@2@II@Z 10019760 f   TriangleMeshBuilder.obj
 0001:00018af0       ?buildVertexConnectionNew_p1@GrbTrimeshCookerHelper@physx@@YAIAAV?$Array@USortedNeighbor@GrbTrimeshCookerHelper@physx@@VNamedAllocator@shdfnd@3@@shdfnd@2@AAV?$Array@USharpEdgeRange@GrbTrimeshCookerHelper@physx@@VNamedAllocator@shdfnd@3@@42@PBUuint3@2@PBUuint4@2@II@Z 10019af0 f   TriangleMeshBuilder.obj
 0001:00018b60       ?buildVertexConnectionNew_p2@GrbTrimeshCookerHelper@physx@@YAXPAI00AAV?$Array@USortedNeighbor@GrbTrimeshCookerHelper@physx@@VNamedAllocator@shdfnd@3@@shdfnd@2@AAV?$Array@USharpEdgeRange@GrbTrimeshCookerHelper@physx@@VNamedAllocator@shdfnd@3@@42@I@Z 10019b60 f   TriangleMeshBuilder.obj
 0001:00019e50       ??$?2V?$ReflectionAllocator@VBV32Tree@Gu@physx@@@shdfnd@physx@@@UserAllocated@shdfnd@physx@@SAPAXIV?$ReflectionAllocator@VBV32Tree@Gu@physx@@@12@PBDH@Z 1001ae50 f i TriangleMeshBuilder.obj
 0001:00019e70       ??$?2V?$ReflectionAllocator@VEdgeListBuilder@Gu@physx@@@shdfnd@physx@@@UserAllocated@shdfnd@physx@@SAPAXIV?$ReflectionAllocator@VEdgeListBuilder@Gu@physx@@@12@PBDH@Z 1001ae70 f i TriangleMeshBuilder.obj
 0001:00019e90       ??$?_UE@@YAPAXIV?$ReflectionAllocator@E@shdfnd@physx@@PBDH@Z 1001ae90 f i TriangleMeshBuilder.obj
 0001:00019eb0       ??$?_UG@@YAPAXIV?$ReflectionAllocator@G@shdfnd@physx@@PBDH@Z 1001aeb0 f i TriangleMeshBuilder.obj
 0001:00019ed0       ??$?_UI@@YAPAXIV?$ReflectionAllocator@I@shdfnd@physx@@PBDH@Z 1001aed0 f i TriangleMeshBuilder.obj
 0001:00019ef0       ??$PX_UNUSED@U?$TriangleT@I@Gu@physx@@@@YAXABU?$TriangleT@I@Gu@physx@@@Z 1001aef0 f i TriangleMeshBuilder.obj
 0001:00019f00       ??$median3@UEdgeTriLookup@physx@@$$CBU?$Less@UEdgeTriLookup@physx@@@shdfnd@2@@internal@shdfnd@physx@@YAXPAUEdgeTriLookup@2@HHABU?$Less@UEdgeTriLookup@physx@@@12@@Z 1001af00 f i TriangleMeshBuilder.obj
 0001:0001a010       ??$median3@USortedNeighbor@GrbTrimeshCookerHelper@physx@@$$CBU?$Less@USortedNeighbor@GrbTrimeshCookerHelper@physx@@@shdfnd@3@@internal@shdfnd@physx@@YAXPAUSortedNeighbor@GrbTrimeshCookerHelper@2@HHABU?$Less@USortedNeighbor@GrbTrimeshCookerHelper@physx@@@12@@Z 1001b010 f i TriangleMeshBuilder.obj
 0001:0001a120       ??$partition@UEdgeTriLookup@physx@@$$CBU?$Less@UEdgeTriLookup@physx@@@shdfnd@2@@internal@shdfnd@physx@@YAHPAUEdgeTriLookup@2@HHABU?$Less@UEdgeTriLookup@physx@@@12@@Z 1001b120 f i TriangleMeshBuilder.obj
 0001:0001a2e0       ??$partition@USortedNeighbor@GrbTrimeshCookerHelper@physx@@$$CBU?$Less@USortedNeighbor@GrbTrimeshCookerHelper@physx@@@shdfnd@3@@internal@shdfnd@physx@@YAHPAUSortedNeighbor@GrbTrimeshCookerHelper@2@HHABU?$Less@USortedNeighbor@GrbTrimeshCookerHelper@physx@@@12@@Z 1001b2e0 f i TriangleMeshBuilder.obj
 0001:0001a4a0       ??$smallSort@UEdgeTriLookup@physx@@$$CBU?$Less@UEdgeTriLookup@physx@@@shdfnd@2@@internal@shdfnd@physx@@YAXPAUEdgeTriLookup@2@HHABU?$Less@UEdgeTriLookup@physx@@@12@@Z 1001b4a0 f i TriangleMeshBuilder.obj
 0001:0001a560       ??$smallSort@USortedNeighbor@GrbTrimeshCookerHelper@physx@@$$CBU?$Less@USortedNeighbor@GrbTrimeshCookerHelper@physx@@@shdfnd@3@@internal@shdfnd@physx@@YAXPAUSortedNeighbor@GrbTrimeshCookerHelper@2@HHABU?$Less@USortedNeighbor@GrbTrimeshCookerHelper@physx@@@12@@Z 1001b560 f i TriangleMeshBuilder.obj
 0001:0001a620       ??$sort@UEdgeTriLookup@physx@@@shdfnd@physx@@YAXPAUEdgeTriLookup@1@I@Z 1001b620 f i TriangleMeshBuilder.obj
 0001:0001a660       ??$sort@UEdgeTriLookup@physx@@U?$Less@UEdgeTriLookup@physx@@@shdfnd@2@VNamedAllocator@42@@shdfnd@physx@@YAXPAUEdgeTriLookup@1@IABU?$Less@UEdgeTriLookup@physx@@@01@ABVNamedAllocator@01@I@Z 1001b660 f i TriangleMeshBuilder.obj
 0001:0001a920       ??$sort@USortedNeighbor@GrbTrimeshCookerHelper@physx@@@shdfnd@physx@@YAXPAUSortedNeighbor@GrbTrimeshCookerHelper@1@I@Z 1001b920 f i TriangleMeshBuilder.obj
 0001:0001a960       ??$sort@USortedNeighbor@GrbTrimeshCookerHelper@physx@@U?$Less@USortedNeighbor@GrbTrimeshCookerHelper@physx@@@shdfnd@3@VNamedAllocator@53@@shdfnd@physx@@YAXPAUSortedNeighbor@GrbTrimeshCookerHelper@1@IABU?$Less@USortedNeighbor@GrbTrimeshCookerHelper@physx@@@01@ABVNamedAllocator@01@I@Z 1001b960 f i TriangleMeshBuilder.obj
 0001:0001ac20       ??$swap@UEdgeTriLookup@physx@@@shdfnd@physx@@YAXAAUEdgeTriLookup@1@0@Z 1001bc20 f i TriangleMeshBuilder.obj
 0001:0001ac80       ??$swap@USortedNeighbor@GrbTrimeshCookerHelper@physx@@@shdfnd@physx@@YAXAAUSortedNeighbor@GrbTrimeshCookerHelper@1@0@Z 1001bc80 f i TriangleMeshBuilder.obj
 0001:0001ace0       ??0?$Array@IVNamedAllocator@shdfnd@physx@@@shdfnd@physx@@QAE@ABVNamedAllocator@12@@Z 1001bce0 f i TriangleMeshBuilder.obj
 0001:0001ad30       ??0?$Array@USharpEdgeRange@GrbTrimeshCookerHelper@physx@@VNamedAllocator@shdfnd@3@@shdfnd@physx@@QAE@ABVNamedAllocator@12@@Z 1001bd30 f i TriangleMeshBuilder.obj
 0001:0001ad80       ??0?$Array@USortedNeighbor@GrbTrimeshCookerHelper@physx@@VNamedAllocator@shdfnd@3@@shdfnd@physx@@QAE@ABVNamedAllocator@12@@Z 1001bd80 f i TriangleMeshBuilder.obj
 0001:0001add0       ??0?$PxFlags@W4Enum@PxMeshFlag@physx@@G@physx@@QAE@ABV01@@Z 1001bdd0 f i TriangleMeshBuilder.obj
 0001:0001ae00       ??0?$PxFlags@W4Enum@PxMeshFlag@physx@@G@physx@@QAE@W4Enum@PxMeshFlag@1@@Z 1001be00 f i TriangleMeshBuilder.obj
 0001:0001ae20       ??0?$PxFlags@W4Enum@PxMeshFlag@physx@@G@physx@@QAE@XZ 1001be20 f i TriangleMeshBuilder.obj
 0001:0001ae40       ??0?$PxFlags@W4Enum@PxMeshPreprocessingFlag@physx@@I@physx@@QAE@ABV01@@Z 1001be40 f i TriangleMeshBuilder.obj
 0001:0001ae60       ??0?$ReflectionAllocator@E@shdfnd@physx@@QAE@PBD@Z 1001be60 f i TriangleMeshBuilder.obj
 0001:0001ae80       ??0?$ReflectionAllocator@G@shdfnd@physx@@QAE@PBD@Z 1001be80 f i TriangleMeshBuilder.obj
 0001:0001aea0       ??0?$ReflectionAllocator@I@shdfnd@physx@@QAE@PBD@Z 1001bea0 f i TriangleMeshBuilder.obj
 0001:0001aec0       ??0?$ReflectionAllocator@VBV32Tree@Gu@physx@@@shdfnd@physx@@QAE@PBD@Z 1001bec0 f i TriangleMeshBuilder.obj
 0001:0001aee0       ??0?$ReflectionAllocator@VEdgeListBuilder@Gu@physx@@@shdfnd@physx@@QAE@PBD@Z 1001bee0 f i TriangleMeshBuilder.obj
 0001:0001af00       ??0BV4TriangleData@Gu@physx@@QAE@XZ 1001bf00 f i TriangleMeshBuilder.obj
 0001:0001af60       ??0EDGELISTCREATE@Gu@physx@@QAE@XZ 1001bf60 f i TriangleMeshBuilder.obj
 0001:0001afd0       ??0PxPlane@physx@@QAE@ABVPxVec3@1@0@Z 1001bfd0 f i TriangleMeshBuilder.obj
 0001:0001b030       ??0PxSimpleTriangleMesh@physx@@QAE@ABV01@@Z 1001c030 f i TriangleMeshBuilder.obj
 0001:0001b0a0       ??0PxTriangleMeshDesc@physx@@QAE@ABV01@@Z 1001c0a0 f i TriangleMeshBuilder.obj
 0001:0001b0e0       ??0PxVec4@physx@@QAE@XZ    1001c0e0 f i TriangleMeshBuilder.obj
 0001:0001b100       ??0RTree@Gu@physx@@QAE@XZ  1001c100 f i TriangleMeshBuilder.obj
 0001:0001b190       ??0RTreeCookerRemap@physx@@QAE@I@Z 1001c190 f i TriangleMeshBuilder.obj
 0001:0001b1d0       ??0RTreeTriangleData@Gu@physx@@QAE@XZ 1001c1d0 f i TriangleMeshBuilder.obj
 0001:0001b220       ??0RemapCallback@RTreeCooker@physx@@QAE@XZ 1001c220 f i TriangleMeshBuilder.obj
 0001:0001b240       ??0SharpEdgeRange@GrbTrimeshCookerHelper@physx@@QAE@II@Z 1001c240 f i TriangleMeshBuilder.obj
 0001:0001b270       ??0SharpEdgeRange@GrbTrimeshCookerHelper@physx@@QAE@XZ 1001c270 f i TriangleMeshBuilder.obj
 0001:0001b2a0       ??0SortedNeighbor@GrbTrimeshCookerHelper@physx@@QAE@II_N@Z 1001c2a0 f i TriangleMeshBuilder.obj
 0001:0001b2e0       ??0TriangleMeshData@Gu@physx@@QAE@XZ 1001c2e0 f i TriangleMeshBuilder.obj
 0001:0001b3f0       ??1?$Array@USharpEdgeRange@GrbTrimeshCookerHelper@physx@@VNamedAllocator@shdfnd@3@@shdfnd@physx@@QAE@XZ 1001c3f0 f i TriangleMeshBuilder.obj
 0001:0001b460       ??1?$Array@USortedNeighbor@GrbTrimeshCookerHelper@physx@@VNamedAllocator@shdfnd@3@@shdfnd@physx@@QAE@XZ 1001c460 f i TriangleMeshBuilder.obj
 0001:0001b4d0       ??1BV4TriangleData@Gu@physx@@UAE@XZ 1001c4d0 f i TriangleMeshBuilder.obj
 0001:0001b520       ??1RTree@Gu@physx@@QAE@XZ  1001c520 f i TriangleMeshBuilder.obj
 0001:0001b540       ??1RTreeCookerRemap@physx@@UAE@XZ 1001c540 f i TriangleMeshBuilder.obj
 0001:0001b560       ??1RTreeTriangleData@Gu@physx@@UAE@XZ 1001c560 f i TriangleMeshBuilder.obj
 0001:0001b590       ??1RemapCallback@RTreeCooker@physx@@UAE@XZ 1001c590 f i TriangleMeshBuilder.obj
 0001:0001b5b0       ??1TriangleMeshData@Gu@physx@@UAE@XZ 1001c5b0 f i TriangleMeshBuilder.obj
 0001:0001b880       ??3UserAllocated@shdfnd@physx@@SAXPAX@Z 1001c880 f i TriangleMeshBuilder.obj
 0001:0001b8b0       ??A?$Array@USharpEdgeRange@GrbTrimeshCookerHelper@physx@@VNamedAllocator@shdfnd@3@@shdfnd@physx@@QAEAAUSharpEdgeRange@GrbTrimeshCookerHelper@2@I@Z 1001c8b0 f i TriangleMeshBuilder.obj
 0001:0001b920       ??A?$Array@USortedNeighbor@GrbTrimeshCookerHelper@physx@@VNamedAllocator@shdfnd@3@@shdfnd@physx@@QAEAAUSortedNeighbor@GrbTrimeshCookerHelper@2@I@Z 1001c920 f i TriangleMeshBuilder.obj
 0001:0001b990       ??APxVec3@physx@@QAEAAMI@Z 1001c990 f i TriangleMeshBuilder.obj
 0001:0001ba00       ??B?$PxFlags@W4Enum@PxMeshFlag@physx@@G@physx@@QBE_NXZ 1001ca00 f i TriangleMeshBuilder.obj
 0001:0001ba30       ??B?$PxFlags@W4Enum@PxMeshPreprocessingFlag@physx@@I@physx@@QBE_NXZ 1001ca30 f i TriangleMeshBuilder.obj
 0001:0001ba60       ??DPxVec3@physx@@QBE?AV01@M@Z 1001ca60 f i TriangleMeshBuilder.obj
 0001:0001bad0       ??GPxVec3@physx@@QBE?AV01@ABV01@@Z 1001cad0 f i TriangleMeshBuilder.obj
 0001:0001bb40       ??I?$PxFlags@W4Enum@PxMeshFlag@physx@@G@physx@@QBE?AV01@W4Enum@PxMeshFlag@1@@Z 1001cb40 f i TriangleMeshBuilder.obj
 0001:0001bb90       ??I?$PxFlags@W4Enum@PxMeshPreprocessingFlag@physx@@I@physx@@QBE?AV01@W4Enum@PxMeshPreprocessingFlag@1@@Z 1001cb90 f i TriangleMeshBuilder.obj
 0001:0001bbd0       ??MEdgeTriLookup@physx@@QBE_NABU01@@Z 1001cbd0 f i TriangleMeshBuilder.obj
 0001:0001bc30       ??MSortedNeighbor@GrbTrimeshCookerHelper@physx@@QBE_NABU012@@Z 1001cc30 f i TriangleMeshBuilder.obj
 0001:0001bcd0       ??NEdgeTriLookup@physx@@QBE_NABU01@@Z 1001ccd0 f i TriangleMeshBuilder.obj
 0001:0001bd30       ??R?$Less@UEdgeTriLookup@physx@@@shdfnd@physx@@QBE_NABUEdgeTriLookup@2@0@Z 1001cd30 f i TriangleMeshBuilder.obj
 0001:0001bd50       ??R?$Less@USortedNeighbor@GrbTrimeshCookerHelper@physx@@@shdfnd@physx@@QBE_NABUSortedNeighbor@GrbTrimeshCookerHelper@2@0@Z 1001cd50 f i TriangleMeshBuilder.obj
 0001:0001bd70       ??S?$PxFlags@W4Enum@PxMeshFlag@physx@@G@physx@@QBE?AV01@XZ 1001cd70 f i TriangleMeshBuilder.obj
 0001:0001bdb0       ??Sphysx@@YA?AV?$PxFlags@W4Enum@PxMeshFlag@physx@@G@0@W4Enum@PxMeshFlag@0@@Z 1001cdb0 f i TriangleMeshBuilder.obj
 0001:0001bde0       ??_4?$PxFlags@W4Enum@PxMeshFlag@physx@@G@physx@@QAEAAV01@ABV01@@Z 1001cde0 f i TriangleMeshBuilder.obj
 0001:0001be10       ??_GBV32Tree@Gu@physx@@QAEPAXI@Z 1001ce10 f i TriangleMeshBuilder.obj
 0001:0001be70       ??_GBV4TriangleData@Gu@physx@@UAEPAXI@Z 1001ce70 f i TriangleMeshBuilder.obj
 0001:0001be70       ??_EBV4TriangleData@Gu@physx@@UAEPAXI@Z 1001ce70 f i TriangleMeshBuilder.obj
 0001:0001bed0       ??_EBV4TriangleMeshBuilder@physx@@UAEPAXI@Z 1001ced0 f i TriangleMeshBuilder.obj
 0001:0001bed0       ??_GBV4TriangleMeshBuilder@physx@@UAEPAXI@Z 1001ced0 f i TriangleMeshBuilder.obj
 0001:0001bf10       ??_GEdgeListBuilder@Gu@physx@@QAEPAXI@Z 1001cf10 f i TriangleMeshBuilder.obj
 0001:0001bf70       ??_ERTreeCookerRemap@physx@@UAEPAXI@Z 1001cf70 f i TriangleMeshBuilder.obj
 0001:0001bf70       ??_GRTreeCookerRemap@physx@@UAEPAXI@Z 1001cf70 f i TriangleMeshBuilder.obj
 0001:0001bfb0       ??_GRTreeTriangleData@Gu@physx@@UAEPAXI@Z 1001cfb0 f i TriangleMeshBuilder.obj
 0001:0001bfb0       ??_ERTreeTriangleData@Gu@physx@@UAEPAXI@Z 1001cfb0 f i TriangleMeshBuilder.obj
 0001:0001c010       ??_GRTreeTriangleMeshBuilder@physx@@UAEPAXI@Z 1001d010 f i TriangleMeshBuilder.obj
 0001:0001c010       ??_ERTreeTriangleMeshBuilder@physx@@UAEPAXI@Z 1001d010 f i TriangleMeshBuilder.obj
 0001:0001c050       ??_GRemapCallback@RTreeCooker@physx@@UAEPAXI@Z 1001d050 f i TriangleMeshBuilder.obj
 0001:0001c050       ??_ERemapCallback@RTreeCooker@physx@@UAEPAXI@Z 1001d050 f i TriangleMeshBuilder.obj
 0001:0001c090       ??_ETriangleMeshBuilder@physx@@UAEPAXI@Z 1001d090 f i TriangleMeshBuilder.obj
 0001:0001c090       ??_GTriangleMeshBuilder@physx@@UAEPAXI@Z 1001d090 f i TriangleMeshBuilder.obj
 0001:0001c0d0       ??_ETriangleMeshData@Gu@physx@@UAEPAXI@Z 1001d0d0 f i TriangleMeshBuilder.obj
 0001:0001c0d0       ??_GTriangleMeshData@Gu@physx@@UAEPAXI@Z 1001d0d0 f i TriangleMeshBuilder.obj
 0001:0001c130       ?HasActiveEdge01@EdgeTriangleAC@Gu@physx@@SAHABUEdgeTriangleData@23@@Z 1001d130 f i TriangleMeshBuilder.obj
 0001:0001c150       ?HasActiveEdge12@EdgeTriangleAC@Gu@physx@@SAHABUEdgeTriangleData@23@@Z 1001d150 f i TriangleMeshBuilder.obj
 0001:0001c170       ?HasActiveEdge20@EdgeTriangleAC@Gu@physx@@SAHABUEdgeTriangleData@23@@Z 1001d170 f i TriangleMeshBuilder.obj
 0001:0001c190       ?LeafSetData@Gu@physx@@YAIII@Z 1001d190 f i TriangleMeshBuilder.obj
 0001:0001c260       ?PxRecipSqrt@physx@@YAMM@Z 1001d260 f i TriangleMeshBuilder.obj
 0001:0001c280       ?SetData@LeafTriangles@Gu@physx@@QAEXII@Z 1001d280 f i TriangleMeshBuilder.obj
 0001:0001c2b0       ?WriteDwordBuffer@physx@@YAXPBII_NAAVPxOutputStream@1@@Z 1001d2b0 f i TriangleMeshBuilder.obj
 0001:0001c2e0       ?allocate@?$Array@USharpEdgeRange@GrbTrimeshCookerHelper@physx@@VNamedAllocator@shdfnd@3@@shdfnd@physx@@IAEPAUSharpEdgeRange@GrbTrimeshCookerHelper@3@I@Z 1001d2e0 f i TriangleMeshBuilder.obj
 0001:0001c360       ?allocate@?$Array@USortedNeighbor@GrbTrimeshCookerHelper@physx@@VNamedAllocator@shdfnd@3@@shdfnd@physx@@IAEPAUSortedNeighbor@GrbTrimeshCookerHelper@3@I@Z 1001d360 f i TriangleMeshBuilder.obj
 0001:0001c3e0       ?allocate@?$ReflectionAllocator@E@shdfnd@physx@@QAEPAXIPBDH@Z 1001d3e0 f i TriangleMeshBuilder.obj
 0001:0001c440       ?allocate@?$ReflectionAllocator@G@shdfnd@physx@@QAEPAXIPBDH@Z 1001d440 f i TriangleMeshBuilder.obj
 0001:0001c4a0       ?allocate@?$ReflectionAllocator@I@shdfnd@physx@@QAEPAXIPBDH@Z 1001d4a0 f i TriangleMeshBuilder.obj
 0001:0001c500       ?allocate@?$ReflectionAllocator@VBV32Tree@Gu@physx@@@shdfnd@physx@@QAEPAXIPBDH@Z 1001d500 f i TriangleMeshBuilder.obj
 0001:0001c560       ?allocate@?$ReflectionAllocator@VEdgeListBuilder@Gu@physx@@@shdfnd@physx@@QAEPAXIPBDH@Z 1001d560 f i TriangleMeshBuilder.obj
 0001:0001c5c0       ?allocateMaterials@TriangleMeshData@Gu@physx@@QAEPAGXZ 1001d5c0 f i TriangleMeshBuilder.obj
 0001:0001c6d0       ?allocateTriangles@TriangleMeshData@Gu@physx@@QAEPAXI_NI@Z 1001d6d0 f i TriangleMeshBuilder.obj
 0001:0001c8c0       ?allocateVertices@TriangleMeshData@Gu@physx@@QAEPAVPxVec3@3@I@Z 1001d8c0 f i TriangleMeshBuilder.obj
 0001:0001c980       ?begin@?$Array@USortedNeighbor@GrbTrimeshCookerHelper@physx@@VNamedAllocator@shdfnd@3@@shdfnd@physx@@QAEPAUSortedNeighbor@GrbTrimeshCookerHelper@3@XZ 1001d980 f i TriangleMeshBuilder.obj
 0001:0001c9a0       ?capacity@?$Array@USharpEdgeRange@GrbTrimeshCookerHelper@physx@@VNamedAllocator@shdfnd@3@@shdfnd@physx@@QBEIXZ 1001d9a0 f i TriangleMeshBuilder.obj
 0001:0001c9c0       ?capacity@?$Array@USortedNeighbor@GrbTrimeshCookerHelper@physx@@VNamedAllocator@shdfnd@3@@shdfnd@physx@@QBEIXZ 1001d9c0 f i TriangleMeshBuilder.obj
 0001:0001c9e0       ?capacityIncrement@?$Array@USortedNeighbor@GrbTrimeshCookerHelper@physx@@VNamedAllocator@shdfnd@3@@shdfnd@physx@@IBEIXZ 1001d9e0 f i TriangleMeshBuilder.obj
 0001:0001ca20       ?copy@?$Array@USharpEdgeRange@GrbTrimeshCookerHelper@physx@@VNamedAllocator@shdfnd@3@@shdfnd@physx@@KAXPAUSharpEdgeRange@GrbTrimeshCookerHelper@3@0PBU453@@Z 1001da20 f i TriangleMeshBuilder.obj
 0001:0001cae0       ?copy@?$Array@USortedNeighbor@GrbTrimeshCookerHelper@physx@@VNamedAllocator@shdfnd@3@@shdfnd@physx@@KAXPAUSortedNeighbor@GrbTrimeshCookerHelper@3@0PBU453@@Z 1001dae0 f i TriangleMeshBuilder.obj
 0001:0001cbb0       ?create@?$Array@USharpEdgeRange@GrbTrimeshCookerHelper@physx@@VNamedAllocator@shdfnd@3@@shdfnd@physx@@KAXPAUSharpEdgeRange@GrbTrimeshCookerHelper@3@0ABU453@@Z 1001dbb0 f i TriangleMeshBuilder.obj
 0001:0001cc60       ?cross@PxVec3@physx@@QBE?AV12@ABV12@@Z 1001dc60 f i TriangleMeshBuilder.obj
 0001:0001cd20       ?deallocate@?$AlignedAllocator@$0IA@VNonTrackingAllocator@shdfnd@physx@@@shdfnd@physx@@QAEXPAX@Z 1001dd20 f i TriangleMeshBuilder.obj
 0001:0001cd70       ?deallocate@?$Array@USharpEdgeRange@GrbTrimeshCookerHelper@physx@@VNamedAllocator@shdfnd@3@@shdfnd@physx@@IAEXPAX@Z 1001dd70 f i TriangleMeshBuilder.obj
 0001:0001cd90       ?deallocate@?$Array@USortedNeighbor@GrbTrimeshCookerHelper@physx@@VNamedAllocator@shdfnd@3@@shdfnd@physx@@IAEXPAX@Z 1001dd90 f i TriangleMeshBuilder.obj
 0001:0001cdb0       ?deallocate@NonTrackingAllocator@shdfnd@physx@@QAEXPAX@Z 1001ddb0 f i TriangleMeshBuilder.obj
 0001:0001cdf0       ?destroy@?$Array@USharpEdgeRange@GrbTrimeshCookerHelper@physx@@VNamedAllocator@shdfnd@3@@shdfnd@physx@@KAXPAUSharpEdgeRange@GrbTrimeshCookerHelper@3@0@Z 1001ddf0 f i TriangleMeshBuilder.obj
 0001:0001ce20       ?destroy@?$Array@USortedNeighbor@GrbTrimeshCookerHelper@physx@@VNamedAllocator@shdfnd@3@@shdfnd@physx@@KAXPAUSortedNeighbor@GrbTrimeshCookerHelper@3@0@Z 1001de20 f i TriangleMeshBuilder.obj
 0001:0001ce50       ?distance@PxPlane@physx@@QBEMABVPxVec3@2@@Z 1001de50 f i TriangleMeshBuilder.obj
 0001:0001ce90       ?dot@PxVec3@physx@@QBEMABV12@@Z 1001de90 f i TriangleMeshBuilder.obj
 0001:0001cef0       ?findEdgeCCW@?$TriangleT@I@Gu@physx@@QBEEII@Z 1001def0 f i TriangleMeshBuilder.obj
 0001:0001d060       ?gatherStrided@Cooking@physx@@SAXPBXPAXIII@Z 1001e060 f i TriangleMeshBuilder.obj
 0001:0001d0d0       ?getEdgeToTriangles@EdgeList@Gu@physx@@QBEPBUEdgeDescData@23@XZ 1001e0d0 f i TriangleMeshBuilder.obj
 0001:0001d0f0       ?getEdgeTriangle@EdgeList@Gu@physx@@QBEABUEdgeTriangleData@23@I@Z 1001e0f0 f i TriangleMeshBuilder.obj
 0001:0001d110       ?getEdges@EdgeList@Gu@physx@@QBEPBUEdgeData@23@XZ 1001e110 f i TriangleMeshBuilder.obj
 0001:0001d130       ?getFacesByEdges@EdgeList@Gu@physx@@QBEPBIXZ 1001e130 f i TriangleMeshBuilder.obj
 0001:0001d150       ?getFoundation@shdfnd@physx@@YAAAVFoundation@12@XZ 1001e150 f i TriangleMeshBuilder.obj
 0001:0001d160       ?getMidphaseID@BV4TriangleMeshBuilder@physx@@UBE?AW4Enum@PxMeshMidPhase@2@XZ 1001e160 f i TriangleMeshBuilder.obj
 0001:0001d180       ?getMidphaseID@RTreeTriangleMeshBuilder@physx@@UBE?AW4Enum@PxMeshMidPhase@2@XZ 1001e180 f i TriangleMeshBuilder.obj
 0001:0001d190       ?getName@?$ReflectionAllocator@E@shdfnd@physx@@CAPBDXZ 1001e190 f i TriangleMeshBuilder.obj
 0001:0001d1e0       ?getName@?$ReflectionAllocator@G@shdfnd@physx@@CAPBDXZ 1001e1e0 f i TriangleMeshBuilder.obj
 0001:0001d230       ?getName@?$ReflectionAllocator@I@shdfnd@physx@@CAPBDXZ 1001e230 f i TriangleMeshBuilder.obj
 0001:0001d280       ?getName@?$ReflectionAllocator@VBV32Tree@Gu@physx@@@shdfnd@physx@@CAPBDXZ 1001e280 f i TriangleMeshBuilder.obj
 0001:0001d2d0       ?getName@?$ReflectionAllocator@VEdgeListBuilder@Gu@physx@@@shdfnd@physx@@CAPBDXZ 1001e2d0 f i TriangleMeshBuilder.obj
 0001:0001d320       ?getNbEdges@EdgeList@Gu@physx@@QBEIXZ 1001e320 f i TriangleMeshBuilder.obj
 0001:0001d340       ?getNbFaces@EdgeList@Gu@physx@@QBEIXZ 1001e340 f i TriangleMeshBuilder.obj
 0001:0001d360       ?getNormalized@PxVec3@physx@@QBE?AV12@XZ 1001e360 f i TriangleMeshBuilder.obj
 0001:0001d410       ?getRemap@SourceMesh@Gu@physx@@QBEPBIXZ 1001e410 f i TriangleMeshBuilder.obj
 0001:0001d430       ?getType@PxMidphaseDesc@physx@@QBE?AW4Enum@PxMeshMidPhase@2@XZ 1001e430 f i TriangleMeshBuilder.obj
 0001:0001d450       ?grow@?$Array@USharpEdgeRange@GrbTrimeshCookerHelper@physx@@VNamedAllocator@shdfnd@3@@shdfnd@physx@@IAEXI@Z 1001e450 f i TriangleMeshBuilder.obj
 0001:0001d4d0       ?grow@?$Array@USortedNeighbor@GrbTrimeshCookerHelper@physx@@VNamedAllocator@shdfnd@3@@shdfnd@physx@@IAEXI@Z 1001e4d0 f i TriangleMeshBuilder.obj
 0001:0001d550       ?growAndPushBack@?$Array@USortedNeighbor@GrbTrimeshCookerHelper@physx@@VNamedAllocator@shdfnd@3@@shdfnd@physx@@IAEAAUSortedNeighbor@GrbTrimeshCookerHelper@3@ABU453@@Z 1001e550 f i TriangleMeshBuilder.obj
 0001:0001d6e0       ?has16BitIndices@TriangleMeshData@Gu@physx@@QBE_NXZ 1001e6e0 f i TriangleMeshBuilder.obj
 0001:0001d710       ?initRemap@SourceMesh@Gu@physx@@QAEXXZ 1001e710 f i TriangleMeshBuilder.obj
 0001:0001d730       ?isArrayOfPOD@?$Array@USharpEdgeRange@GrbTrimeshCookerHelper@physx@@VNamedAllocator@shdfnd@3@@shdfnd@physx@@SA_NXZ 1001e730 f i TriangleMeshBuilder.obj
 0001:0001d740       ?isArrayOfPOD@?$Array@USortedNeighbor@GrbTrimeshCookerHelper@physx@@VNamedAllocator@shdfnd@3@@shdfnd@physx@@SA_NXZ 1001e740 f i TriangleMeshBuilder.obj
 0001:0001d750       ?isInUserMemory@?$Array@USharpEdgeRange@GrbTrimeshCookerHelper@physx@@VNamedAllocator@shdfnd@3@@shdfnd@physx@@QBEIXZ 1001e750 f i TriangleMeshBuilder.obj
 0001:0001d770       ?isInUserMemory@?$Array@USortedNeighbor@GrbTrimeshCookerHelper@physx@@VNamedAllocator@shdfnd@3@@shdfnd@physx@@QBEIXZ 1001e770 f i TriangleMeshBuilder.obj
 0001:0001d790       ?isValid@PxBVH33MidphaseDesc@physx@@QBE_NXZ 1001e790 f i TriangleMeshBuilder.obj
 0001:0001d7d0       ?isValid@PxBVH34MidphaseDesc@physx@@QBE_NXZ 1001e7d0 f i TriangleMeshBuilder.obj
 0001:0001d800       ?isValid@PxMidphaseDesc@physx@@QBE_NXZ 1001e800 f i TriangleMeshBuilder.obj
 0001:0001d850       ?isValid@PxSimpleTriangleMesh@physx@@QBE_NXZ 1001e850 f i TriangleMeshBuilder.obj
 0001:0001d920       ?isValid@PxTriangleMeshDesc@physx@@QBE_NXZ 1001e920 f i TriangleMeshBuilder.obj
 0001:0001d990       ?isZeroInit@?$Array@USharpEdgeRange@GrbTrimeshCookerHelper@physx@@VNamedAllocator@shdfnd@3@@shdfnd@physx@@KA_NABUSharpEdgeRange@GrbTrimeshCookerHelper@3@@Z 1001e990 f i TriangleMeshBuilder.obj
 0001:0001da00       ?littleEndian@shdfnd@physx@@YADXZ 1001ea00 f i TriangleMeshBuilder.obj
 0001:0001da20       ?magnitudeSquared@PxVec3@physx@@QBEMXZ 1001ea20 f i TriangleMeshBuilder.obj
 0001:0001da80       ?name@type_info@@QBEPBDXZ  1001ea80 f i TriangleMeshBuilder.obj
 0001:0001dab0       ?onMeshIndexFormatChange@TriangleMeshBuilder@physx@@UAEXXZ 1001eab0 f i TriangleMeshBuilder.obj
 0001:0001dac0       ?pushBack@?$Array@USortedNeighbor@GrbTrimeshCookerHelper@physx@@VNamedAllocator@shdfnd@3@@shdfnd@physx@@QAEAAUSortedNeighbor@GrbTrimeshCookerHelper@3@ABU453@@Z 1001eac0 f i TriangleMeshBuilder.obj
 0001:0001db80       ?recipSqrt@intrinsics@physx@@YAMM@Z 1001eb80 f i TriangleMeshBuilder.obj
 0001:0001dbd0       ?recreate@?$Array@USharpEdgeRange@GrbTrimeshCookerHelper@physx@@VNamedAllocator@shdfnd@3@@shdfnd@physx@@IAEXI@Z 1001ebd0 f i TriangleMeshBuilder.obj
 0001:0001dce0       ?recreate@?$Array@USortedNeighbor@GrbTrimeshCookerHelper@physx@@VNamedAllocator@shdfnd@3@@shdfnd@physx@@IAEXI@Z 1001ece0 f i TriangleMeshBuilder.obj
 0001:0001dde0       ?release@RTree@Gu@physx@@QAEXXZ 1001ede0 f i TriangleMeshBuilder.obj
 0001:0001de40       ?releaseRemap@SourceMesh@Gu@physx@@QAEXXZ 1001ee40 f i TriangleMeshBuilder.obj
 0001:0001de80       ?remap@RTreeCookerRemap@physx@@UAEXPAIII@Z 1001ee80 f i TriangleMeshBuilder.obj
 0001:0001e040       ?reserve@?$Array@USharpEdgeRange@GrbTrimeshCookerHelper@physx@@VNamedAllocator@shdfnd@3@@shdfnd@physx@@QAEXI@Z 1001f040 f i TriangleMeshBuilder.obj
 0001:0001e070       ?reserve@?$Array@USortedNeighbor@GrbTrimeshCookerHelper@physx@@VNamedAllocator@shdfnd@3@@shdfnd@physx@@QAEXI@Z 1001f070 f i TriangleMeshBuilder.obj
 0001:0001e0a0       ?resize@?$Array@USharpEdgeRange@GrbTrimeshCookerHelper@physx@@VNamedAllocator@shdfnd@3@@shdfnd@physx@@QAEXIABUSharpEdgeRange@GrbTrimeshCookerHelper@3@@Z 1001f0a0 f i TriangleMeshBuilder.obj
 0001:0001e130       ?resizeUninitialized@?$Array@USortedNeighbor@GrbTrimeshCookerHelper@physx@@VNamedAllocator@shdfnd@3@@shdfnd@physx@@QAEXI@Z 1001f130 f i TriangleMeshBuilder.obj
 0001:0001e160       ?setNbTriangles@SourceMesh@Gu@physx@@QAEXI@Z 1001f160 f i TriangleMeshBuilder.obj
 0001:0001e180       ?setNbVertices@SourceMesh@Gu@physx@@QAEXI@Z 1001f180 f i TriangleMeshBuilder.obj
 0001:0001e1a0       ?setPointers@SourceMesh@Gu@physx@@QAEXPAVIndTri32@23@PAVIndTri16@23@PBVPxVec3@3@@Z 1001f1a0 f i TriangleMeshBuilder.obj
 0001:0001e1e0       ?setTriangleAdjacency@TriangleMeshData@Gu@physx@@QAEXIII@Z 1001f1e0 f i TriangleMeshBuilder.obj
 0001:0001e260       ?size@?$Array@USortedNeighbor@GrbTrimeshCookerHelper@physx@@VNamedAllocator@shdfnd@3@@shdfnd@physx@@QBEIXZ 1001f260 f i TriangleMeshBuilder.obj
 0001:0001e280       ?to16@shdfnd@physx@@YAGI@Z 1001f280 f i TriangleMeshBuilder.obj
 0001:0001e2e0       ?writeChunk@physx@@YAXCCCCAAVPxOutputStream@1@@Z 1001f2e0 f i TriangleMeshBuilder.obj
 0001:0001e340       ?writeIntBuffer@physx@@YAXPBII_NAAVPxOutputStream@1@@Z 1001f340 f i TriangleMeshBuilder.obj
 0001:0001e370       _powf                      1001f370 f i TriangleMeshBuilder.obj
 0001:0001e3b0       _sqrtf                     1001f3b0 f i TriangleMeshBuilder.obj
 0001:0001e3e0       ??0BigConvexDataBuilder@physx@@QAE@PBUConvexHullData@Gu@1@PAVBigConvexData@1@PBVPxVec3@1@@Z 1001f3e0 f   BigConvexDataBuilder.obj
 0001:0001e410       ??1BigConvexDataBuilder@physx@@QAE@XZ 1001f410 f   BigConvexDataBuilder.obj
 0001:0001e420       ?precompute@BigConvexDataBuilder@physx@@QAE_NI@Z 1001f420 f   BigConvexDataBuilder.obj
 0001:0001e9f0       ?initialize@BigConvexDataBuilder@physx@@QAE_NXZ 1001f9f0 f   BigConvexDataBuilder.obj
 0001:0001ea40       ?save@BigConvexDataBuilder@physx@@QBE_NAAVPxOutputStream@2@_N@Z 1001fa40 f   BigConvexDataBuilder.obj
 0001:0001eb20       ?computeValencies@BigConvexDataBuilder@physx@@QAE_NABVConvexHullBuilder@2@@Z 1001fb20 f   BigConvexDataBuilder.obj
 0001:0001f0c0       ?saveValencies@BigConvexDataBuilder@physx@@QBE_NAAVPxOutputStream@2@_N@Z 100200c0 f   BigConvexDataBuilder.obj
 0001:0001f600       ??$?_UUValency@Gu@physx@@@@YAPAXIV?$ReflectionAllocator@UValency@Gu@physx@@@shdfnd@physx@@PBDH@Z 10020600 f i BigConvexDataBuilder.obj
 0001:0001f620       ??0?$ReflectionAllocator@UValency@Gu@physx@@@shdfnd@physx@@QAE@PBD@Z 10020620 f i BigConvexDataBuilder.obj
 0001:0001f640       ??B?$PxBitAndDataT@G$0IAAA@@physx@@QBEGXZ 10020640 f i BigConvexDataBuilder.obj
 0001:0001f660       ??_0PxVec3@physx@@QAEAAV01@M@Z 10020660 f i BigConvexDataBuilder.obj
 0001:0001f6e0       ?PxMemZero@physx@@YAPAXPAXI@Z 100206e0 f i BigConvexDataBuilder.obj
 0001:0001f700       ?PxSqrt@physx@@YAMM@Z      10020700 f i BigConvexDataBuilder.obj
 0001:0001f720       ?allocate@?$ReflectionAllocator@UValency@Gu@physx@@@shdfnd@physx@@QAEPAXIPBDH@Z 10020720 f i BigConvexDataBuilder.obj
 0001:0001f780       ?getName@?$ReflectionAllocator@UValency@Gu@physx@@@shdfnd@physx@@CAPBDXZ 10020780 f i BigConvexDataBuilder.obj
 0001:0001f7d0       ?magnitude@PxVec3@physx@@QBEMXZ 100207d0 f i BigConvexDataBuilder.obj
 0001:0001f800       ?normalize@PxVec3@physx@@QAEMXZ 10020800 f i BigConvexDataBuilder.obj
 0001:0001f850       ?precomputeSample@BigConvexDataBuilder@physx@@IAEXABVPxVec3@2@AAEM@Z 10020850 f i BigConvexDataBuilder.obj
 0001:0001fa30       ?sqrt@intrinsics@physx@@YAMM@Z 10020a30 f i BigConvexDataBuilder.obj
 0001:0001faa0       ??0ConvexHullBuilder@physx@@QAE@PAUConvexHullData@Gu@1@_N@Z 10020aa0 f   ConvexHullBuilder.obj
 0001:0001fb10       ??1ConvexHullBuilder@physx@@QAE@XZ 10020b10 f   ConvexHullBuilder.obj
 0001:0001fc10       ?init@ConvexHullBuilder@physx@@QAE_NIPBVPxVec3@2@PBIIIPBUPxHullPolygon@2@_NPAVConvexHullLib@2@@Z 10020c10 f   ConvexHullBuilder.obj
 0001:000201c0       ?save@ConvexHullBuilder@physx@@QBE_NAAVPxOutputStream@2@_N@Z 100211c0 f   ConvexHullBuilder.obj
 0001:00020480       ?copy@ConvexHullBuilder@physx@@QAE_NAAUConvexHullData@Gu@2@AAI@Z 10021480 f   ConvexHullBuilder.obj
 0001:00020970       ?createEdgeList@ConvexHullBuilder@physx@@QAE_N_NI@Z 10021970 f   ConvexHullBuilder.obj
 0001:00021360       ?checkHullPolygons@ConvexHullBuilder@physx@@QBE_NXZ 10022360 f   ConvexHullBuilder.obj
 0001:00021b10       ?calculateVertexMapTable@ConvexHullBuilder@physx@@QAE_NI_N@Z 10022b10 f   ConvexHullBuilder.obj
 0001:00021d20       ?computeGeomCenter@ConvexHullBuilder@physx@@IBE_NAAVPxVec3@2@IPAUHullTriangleData@2@@Z 10022d20 f   ConvexHullBuilder.obj
 0001:00022750       ??$?_UUEdgeDescData@Gu@physx@@@@YAPAXIV?$ReflectionAllocator@UEdgeDescData@Gu@physx@@@shdfnd@physx@@PBDH@Z 10023750 f i ConvexHullBuilder.obj
 0001:00022770       ??$?_U_N@@YAPAXIV?$ReflectionAllocator@_N@shdfnd@physx@@PBDH@Z 10023770 f i ConvexHullBuilder.obj
 0001:00022790       ??0?$PxBitAndDataT@G$0IAAA@@physx@@QAE@G_N@Z 10023790 f i ConvexHullBuilder.obj
 0001:000227e0       ??0?$ReflectionAllocator@UEdgeDescData@Gu@physx@@@shdfnd@physx@@QAE@PBD@Z 100237e0 f i ConvexHullBuilder.obj
 0001:00022800       ??0?$ReflectionAllocator@_N@shdfnd@physx@@QAE@PBD@Z 10023800 f i ConvexHullBuilder.obj
 0001:00022820       ??0?$TriangleT@I@Gu@physx@@QAE@III@Z 10023820 f i ConvexHullBuilder.obj
 0001:00022880       ??0HullPolygonData@Gu@physx@@QAE@ABU012@@Z 10023880 f i ConvexHullBuilder.obj
 0001:000228e0       ??0PxPlane@physx@@QAE@ABV01@@Z 100238e0 f i ConvexHullBuilder.obj
 0001:00022920       ??0PxPlane@physx@@QAE@MMMM@Z 10023920 f i ConvexHullBuilder.obj
 0001:00022980       ??4PxPlane@physx@@QAEAAV01@$$QAV01@@Z 10023980 f i ConvexHullBuilder.obj
 0001:000229c0       ??YPxVec3@physx@@QAEAAV01@ABV01@@Z 100239c0 f i ConvexHullBuilder.obj
 0001:00022a30       ?PxMemSet@physx@@YAPAXPAXHI@Z 10023a30 f i ConvexHullBuilder.obj
 0001:00022a50       ?allocate@?$ReflectionAllocator@UEdgeDescData@Gu@physx@@@shdfnd@physx@@QAEPAXIPBDH@Z 10023a50 f i ConvexHullBuilder.obj
 0001:00022ab0       ?allocate@?$ReflectionAllocator@_N@shdfnd@physx@@QAEPAXIPBDH@Z 10023ab0 f i ConvexHullBuilder.obj
 0001:00022b10       ?area@?$TriangleT@I@Gu@physx@@QBEMPBVPxVec3@3@@Z 10023b10 f i ConvexHullBuilder.obj
 0001:00022bd0       ?center@?$TriangleT@I@Gu@physx@@QBEXPBVPxVec3@3@AAV43@@Z 10023bd0 f i ConvexHullBuilder.obj
 0001:00022c90       ?computeBufferSize@Gu@physx@@YAIABUConvexHullData@12@I@Z 10023c90 f i ConvexHullBuilder.obj
 0001:00022d80       ?computeNbPolygons@ConvexHullBuilder@physx@@QBEIXZ 10023d80 f i ConvexHullBuilder.obj
 0001:00022df0       ?flip@physx@@YAXAAG@Z      10023df0 f i ConvexHullBuilder.obj
 0001:00022e60       ?flip@physx@@YAXAAM@Z      10023e60 f i ConvexHullBuilder.obj
 0001:00022f10       ?flipData@Gu@physx@@YAXAAUHullPolygonData@12@@Z 10023f10 f i ConvexHullBuilder.obj
 0001:00022f70       ?getName@?$ReflectionAllocator@UEdgeDescData@Gu@physx@@@shdfnd@physx@@CAPBDXZ 10023f70 f i ConvexHullBuilder.obj
 0001:00022fc0       ?getName@?$ReflectionAllocator@_N@shdfnd@physx@@CAPBDXZ 10023fc0 f i ConvexHullBuilder.obj
 0001:00023010       ?isBitSet@?$PxBitAndDataT@G$0IAAA@@physx@@QBEGXZ 10024010 f i ConvexHullBuilder.obj
 0001:00023030       ?memSet@intrinsics@physx@@YAPAXPAXHI@Z 10024030 f i ConvexHullBuilder.obj
 0001:00023050       ?to8@shdfnd@physx@@YAEI@Z  10024050 f i ConvexHullBuilder.obj
 0001:000230b0       ??1ConvexHullLib@physx@@UAE@XZ 100240b0 f   ConvexHullLib.obj
 0001:00023110       ?cleanupVertices@ConvexHullLib@physx@@IAE_NIPBVPxVec3@2@IAAIPAV32@AAV32@3@Z 10024110 f   ConvexHullLib.obj
 0001:00023560       ?shiftAndcleanupVertices@ConvexHullLib@physx@@IAE_NIPBVPxVec3@2@IAAIPAV32@AAV32@3@Z 10024560 f   ConvexHullLib.obj
 0001:00023690       ?swapLargestFace@ConvexHullLib@physx@@IAEXAAVPxConvexMeshDesc@2@@Z 10024690 f   ConvexHullLib.obj
 0001:00023960       ?shiftConvexMeshDesc@ConvexHullLib@physx@@IAEXAAVPxConvexMeshDesc@2@@Z 10024960 f   ConvexHullLib.obj
 0001:000242c0       ??0?$PxFlags@W4Enum@PxConvexFlag@physx@@G@physx@@QAE@ABV01@@Z 100252c0 f i ConvexHullLib.obj
 0001:000242f0       ??0PxBounds3@physx@@QAE@XZ 100252f0 f i ConvexHullLib.obj
 0001:00024320       ??B?$PxFlags@W4Enum@PxConvexFlag@physx@@G@physx@@QBE_NXZ 10025320 f i ConvexHullLib.obj
 0001:00024350       ??I?$PxFlags@W4Enum@PxConvexFlag@physx@@G@physx@@QBE?AV01@W4Enum@PxConvexFlag@1@@Z 10025350 f i ConvexHullLib.obj
 0001:000243a0       ??_EConvexHullLib@physx@@UAEPAXI@Z 100253a0 f i ConvexHullLib.obj
 0001:000243a0       ??_GConvexHullLib@physx@@UAEPAXI@Z 100253a0 f i ConvexHullLib.obj
 0001:000243e0       ?getCenter@PxBounds3@physx@@QBE?AVPxVec3@2@XZ 100253e0 f i ConvexHullLib.obj
 0001:00024490       ?getDimensions@PxBounds3@physx@@QBE?AVPxVec3@2@XZ 10025490 f i ConvexHullLib.obj
 0001:00024520       ?include@PxBounds3@physx@@QAEXABVPxVec3@2@@Z 10025520 f i ConvexHullLib.obj
 0001:000245d0       ?maximum@PxVec3@physx@@QBE?AV12@ABV12@@Z 100255d0 f i ConvexHullLib.obj
 0001:00024680       ?minimum@PxVec3@physx@@QBE?AV12@ABV12@@Z 10025680 f i ConvexHullLib.obj
 0001:00024730       ?multiply@PxVec3@physx@@QBE?AV12@ABV12@@Z 10025730 f i ConvexHullLib.obj
 0001:000247a0       ??0ConvexHull@physx@@QAE@ABVPxVec3@1@0ABV?$Array@VPxPlane@physx@@VNamedAllocator@shdfnd@2@@shdfnd@1@@Z 100257a0 f   ConvexHullUtils.obj
 0001:00024e70       ??0ConvexHull@physx@@QAE@ABVPxVec3@1@ABVPxTransform@1@ABV?$Array@VPxPlane@physx@@VNamedAllocator@shdfnd@2@@shdfnd@1@@Z 10025e70 f   ConvexHullUtils.obj
 0001:00025690       ?findCandidatePlane@ConvexHull@physx@@QBEHMM@Z 10026690 f   ConvexHullUtils.obj
 0001:000259b0       ?assertIntact@ConvexHull@physx@@QBE_NM@Z 100269b0 f   ConvexHullUtils.obj
 0001:00025f30       ?maxNumVertsPerFace@ConvexHull@physx@@QBEIXZ 10026f30 f   ConvexHullUtils.obj
 0001:00025fd0       ?convexHullCrop@physx@@YAPAVConvexHull@1@ABV21@ABVPxPlane@1@M@Z 10026fd0 f   ConvexHullUtils.obj
 0001:000270b0       ?computeOBBFromConvex@physx@@YA_NABVPxConvexMeshDesc@1@AAVPxVec3@1@AAVPxTransform@1@@Z 100280b0 f   ConvexHullUtils.obj
 0001:000277b0       ?computeOBBSIMD@local@@YAXIPBT__m128@@AAT2@ABT2@1@Z 100287b0 f   ConvexHullUtils.obj
 0001:00028810       ??$?2V?$ReflectionAllocator@VConvexHull@physx@@@shdfnd@physx@@@UserAllocated@shdfnd@physx@@SAPAXIV?$ReflectionAllocator@VConvexHull@physx@@@12@PBDH@Z 10029810 f i ConvexHullUtils.obj
 0001:00028830       ??$PX_UNUSED@W4PxIDENTITY@physx@@@@YAXABW4PxIDENTITY@physx@@@Z 10029830 f i ConvexHullUtils.obj
 0001:00028840       ??0?$Array@VHalfEdge@ConvexHull@physx@@VNamedAllocator@shdfnd@3@@shdfnd@physx@@QAE@ABVNamedAllocator@12@@Z 10029840 f i ConvexHullUtils.obj
 0001:00028890       ??0?$Array@VPxPlane@physx@@VNamedAllocator@shdfnd@2@@shdfnd@physx@@QAE@ABVNamedAllocator@12@@Z 10029890 f i ConvexHullUtils.obj
 0001:000288e0       ??0?$PxFlags@W4Enum@PxConvexFlag@physx@@G@physx@@QAE@XZ 100298e0 f i ConvexHullUtils.obj
 0001:00028900       ??0?$ReflectionAllocator@VConvexHull@physx@@@shdfnd@physx@@QAE@PBD@Z 10029900 f i ConvexHullUtils.obj
 0001:00028920       ??0ConvexHull@physx@@QAE@ABV01@@Z 10029920 f i ConvexHullUtils.obj
 0001:000289d0       ??0ConvexHull@physx@@QAE@ABV?$Array@VPxPlane@physx@@VNamedAllocator@shdfnd@2@@shdfnd@1@@Z 100299d0 f i ConvexHullUtils.obj
 0001:00028a70       ??0HalfEdge@ConvexHull@physx@@QAE@FEE@Z 10029a70 f i ConvexHullUtils.obj
 0001:00028ab0       ??0HalfEdge@ConvexHull@physx@@QAE@XZ 10029ab0 f i ConvexHullUtils.obj
 0001:00028ad0       ??0Mat33V@aos@shdfnd@physx@@QAE@XZ 10029ad0 f i ConvexHullUtils.obj
 0001:00028af0       ??0PxBoundedData@physx@@QAE@XZ 10029af0 f i ConvexHullUtils.obj
 0001:00028b20       ??0PxConvexMeshDesc@physx@@QAE@XZ 10029b20 f i ConvexHullUtils.obj
 0001:00028b90       ??0PxIntegrals@physx@@QAE@XZ 10029b90 f i ConvexHullUtils.obj
 0001:00028bb0       ??0PxMat33@physx@@QAE@ABV01@@Z 10029bb0 f i ConvexHullUtils.obj
 0001:00028c00       ??0PxMat33@physx@@QAE@ABVPxQuat@1@@Z 10029c00 f i ConvexHullUtils.obj
 0001:00028e80       ??0PxMat33@physx@@QAE@ABVPxVec3@1@00@Z 10029e80 f i ConvexHullUtils.obj
 0001:00028ed0       ??0PxMat33@physx@@QAE@W4PxIDENTITY@1@@Z 10029ed0 f i ConvexHullUtils.obj
 0001:00028f90       ??0PxMat33@physx@@QAE@XZ   10029f90 f i ConvexHullUtils.obj
 0001:00028fd0       ??0PxPlane@physx@@QAE@ABVPxVec3@1@00@Z 10029fd0 f i ConvexHullUtils.obj
 0001:00029070       ??0PxPlane@physx@@QAE@ABVPxVec3@1@M@Z 1002a070 f i ConvexHullUtils.obj
 0001:000290b0       ??0PxPlane@physx@@QAE@XZ   1002a0b0 f i ConvexHullUtils.obj
 0001:000290d0       ??0PxQuat@physx@@QAE@MABVPxVec3@1@@Z 1002a0d0 f i ConvexHullUtils.obj
 0001:00029210       ??0PxQuat@physx@@QAE@XZ    1002a210 f i ConvexHullUtils.obj
 0001:00029230       ??0PxStridedData@physx@@QAE@XZ 1002a230 f i ConvexHullUtils.obj
 0001:00029260       ??4PxPlane@physx@@QAEAAV01@ABV01@@Z 1002a260 f i ConvexHullUtils.obj
 0001:000292a0       ??8PxPlane@physx@@QBE_NABV01@@Z 1002a2a0 f i ConvexHullUtils.obj
 0001:00029300       ??8PxVec3@physx@@QBE_NABV01@@Z 1002a300 f i ConvexHullUtils.obj
 0001:00029380       ??A?$Array@VHalfEdge@ConvexHull@physx@@VNamedAllocator@shdfnd@3@@shdfnd@physx@@QAEAAVHalfEdge@ConvexHull@2@I@Z 1002a380 f i ConvexHullUtils.obj
 0001:000293f0       ??A?$Array@VHalfEdge@ConvexHull@physx@@VNamedAllocator@shdfnd@3@@shdfnd@physx@@QBEABVHalfEdge@ConvexHull@2@I@Z 1002a3f0 f i ConvexHullUtils.obj
 0001:00029460       ??A?$Array@VPxPlane@physx@@VNamedAllocator@shdfnd@2@@shdfnd@physx@@QBEABVPxPlane@2@I@Z 1002a460 f i ConvexHullUtils.obj
 0001:000294d0       ??A?$Array@VPxVec3@physx@@VNamedAllocator@shdfnd@2@@shdfnd@physx@@QAEAAVPxVec3@2@I@Z 1002a4d0 f i ConvexHullUtils.obj
 0001:00029540       ??A?$Array@VPxVec3@physx@@VNamedAllocator@shdfnd@2@@shdfnd@physx@@QBEABVPxVec3@2@I@Z 1002a540 f i ConvexHullUtils.obj
 0001:000295b0       ??APxMat33@physx@@QAEAAVPxVec3@1@I@Z 1002a5b0 f i ConvexHullUtils.obj
 0001:000295d0       ??GPxVec3@physx@@QBE?AV01@XZ 1002a5d0 f i ConvexHullUtils.obj
 0001:00029640       ??RPxMat33@physx@@QAEAAMII@Z 1002a640 f i ConvexHullUtils.obj
 0001:00029670       ??XPxVec3@physx@@QAEAAV01@M@Z 1002a670 f i ConvexHullUtils.obj
 0001:000296d0       ?FAdd@aos@shdfnd@physx@@YA?AT__m128@@T4@0@Z 1002a6d0 f i ConvexHullUtils.obj
 0001:000297d0       ?FMul@aos@shdfnd@physx@@YA?AT__m128@@T4@0@Z 1002a7d0 f i ConvexHullUtils.obj
 0001:000298d0       ?FScaleAdd@aos@shdfnd@physx@@YA?AT__m128@@T4@00@Z 1002a8d0 f i ConvexHullUtils.obj
 0001:00029a40       ?PxCos@physx@@YAMM@Z       1002aa40 f i ConvexHullUtils.obj
 0001:00029a60       ?PxSin@physx@@YAMM@Z       1002aa60 f i ConvexHullUtils.obj
 0001:00029a80       ?QuatGetMat33V@aos@shdfnd@physx@@YAXABT__m128@@AAT4@11@Z 1002aa80 f i ConvexHullUtils.obj
 0001:00029cf0       ?QuatRotateInv@aos@shdfnd@physx@@YA?AT__m128@@T4@0@Z 1002acf0 f i ConvexHullUtils.obj
 0001:00029ed0       ?QuatVLoadU@aos@shdfnd@physx@@YA?AT__m128@@PBM@Z 1002aed0 f i ConvexHullUtils.obj
 0001:00029f20       ?V3Cross@aos@shdfnd@physx@@YA?AT__m128@@T4@0@Z 1002af20 f i ConvexHullUtils.obj
 0001:0002a0d0       ?V3NegScaleSub@aos@shdfnd@physx@@YA?AT__m128@@T4@00@Z 1002b0d0 f i ConvexHullUtils.obj
 0001:0002a240       ?V3Scale@aos@shdfnd@physx@@YA?AT__m128@@T4@0@Z 1002b240 f i ConvexHullUtils.obj
 0001:0002a340       ?V3ScaleAdd@aos@shdfnd@physx@@YA?AT__m128@@T4@00@Z 1002b340 f i ConvexHullUtils.obj
 0001:0002a4b0       ?V4Add@aos@shdfnd@physx@@YA?AT__m128@@T4@0@Z 1002b4b0 f i ConvexHullUtils.obj
 0001:0002a500       ?V4GetW@aos@shdfnd@physx@@YA?AT__m128@@T4@@Z 1002b500 f i ConvexHullUtils.obj
 0001:0002a550       ?V4GetX@aos@shdfnd@physx@@YA?AT__m128@@T4@@Z 1002b550 f i ConvexHullUtils.obj
 0001:0002a5a0       ?V4GetY@aos@shdfnd@physx@@YA?AT__m128@@T4@@Z 1002b5a0 f i ConvexHullUtils.obj
 0001:0002a5f0       ?V4GetZ@aos@shdfnd@physx@@YA?AT__m128@@T4@@Z 1002b5f0 f i ConvexHullUtils.obj
 0001:0002a640       ?V4LoadU@aos@shdfnd@physx@@YA?AT__m128@@QBM@Z 1002b640 f i ConvexHullUtils.obj
 0001:0002a680       ?V4Max@aos@shdfnd@physx@@YA?AT__m128@@T4@0@Z 1002b680 f i ConvexHullUtils.obj
 0001:0002a6d0       ?V4Min@aos@shdfnd@physx@@YA?AT__m128@@T4@0@Z 1002b6d0 f i ConvexHullUtils.obj
 0001:0002a720       ?V4Mul@aos@shdfnd@physx@@YA?AT__m128@@T4@0@Z 1002b720 f i ConvexHullUtils.obj
 0001:0002a770       ?V4MulAdd@aos@shdfnd@physx@@YA?AT__m128@@T4@00@Z 1002b770 f i ConvexHullUtils.obj
 0001:0002a7e0       ?V4Neg@aos@shdfnd@physx@@YA?AT__m128@@T4@@Z 1002b7e0 f i ConvexHullUtils.obj
 0001:0002a830       ?V4Scale@aos@shdfnd@physx@@YA?AT__m128@@T4@0@Z 1002b830 f i ConvexHullUtils.obj
 0001:0002a880       ?V4StoreU@aos@shdfnd@physx@@YAXT__m128@@PAM@Z 1002b880 f i ConvexHullUtils.obj
 0001:0002a8c0       ?V4Sub@aos@shdfnd@physx@@YA?AT__m128@@T4@0@Z 1002b8c0 f i ConvexHullUtils.obj
 0001:0002a910       ?Vec4V_From_Vec3V@aos@shdfnd@physx@@YA?AT__m128@@T4@@Z 1002b910 f i ConvexHullUtils.obj
 0001:0002a950       ?allocate@?$Array@VHalfEdge@ConvexHull@physx@@VNamedAllocator@shdfnd@3@@shdfnd@physx@@IAEPAVHalfEdge@ConvexHull@3@I@Z 1002b950 f i ConvexHullUtils.obj
 0001:0002a9d0       ?allocate@?$Array@VPxPlane@physx@@VNamedAllocator@shdfnd@2@@shdfnd@physx@@IAEPAVPxPlane@3@I@Z 1002b9d0 f i ConvexHullUtils.obj
 0001:0002aa50       ?allocate@?$ReflectionAllocator@VConvexHull@physx@@@shdfnd@physx@@QAEPAXIPBDH@Z 1002ba50 f i ConvexHullUtils.obj
 0001:0002aab0       ?begin@?$Array@VHalfEdge@ConvexHull@physx@@VNamedAllocator@shdfnd@3@@shdfnd@physx@@QAEPAVHalfEdge@ConvexHull@3@XZ 1002bab0 f i ConvexHullUtils.obj
 0001:0002aad0       ?begin@?$Array@VHalfEdge@ConvexHull@physx@@VNamedAllocator@shdfnd@3@@shdfnd@physx@@QBEPBVHalfEdge@ConvexHull@3@XZ 1002bad0 f i ConvexHullUtils.obj
 0001:0002aaf0       ?begin@?$Array@VPxPlane@physx@@VNamedAllocator@shdfnd@2@@shdfnd@physx@@QAEPAVPxPlane@3@XZ 1002baf0 f i ConvexHullUtils.obj
 0001:0002ab10       ?begin@?$Array@VPxPlane@physx@@VNamedAllocator@shdfnd@2@@shdfnd@physx@@QBEPBVPxPlane@3@XZ 1002bb10 f i ConvexHullUtils.obj
 0001:0002ab30       ?begin@?$Array@VPxVec3@physx@@VNamedAllocator@shdfnd@2@@shdfnd@physx@@QBEPBVPxVec3@3@XZ 1002bb30 f i ConvexHullUtils.obj
 0001:0002ab50       ?capacity@?$Array@VHalfEdge@ConvexHull@physx@@VNamedAllocator@shdfnd@3@@shdfnd@physx@@QBEIXZ 1002bb50 f i ConvexHullUtils.obj
 0001:0002ab70       ?capacity@?$Array@VPxPlane@physx@@VNamedAllocator@shdfnd@2@@shdfnd@physx@@QBEIXZ 1002bb70 f i ConvexHullUtils.obj
 0001:0002ab90       ?capacityIncrement@?$Array@VHalfEdge@ConvexHull@physx@@VNamedAllocator@shdfnd@3@@shdfnd@physx@@IBEIXZ 1002bb90 f i ConvexHullUtils.obj
 0001:0002abd0       ?capacityIncrement@?$Array@VPxPlane@physx@@VNamedAllocator@shdfnd@2@@shdfnd@physx@@IBEIXZ 1002bbd0 f i ConvexHullUtils.obj
 0001:0002ac10       ?copy@?$Array@VHalfEdge@ConvexHull@physx@@VNamedAllocator@shdfnd@3@@shdfnd@physx@@KAXPAVHalfEdge@ConvexHull@3@0PBV453@@Z 1002bc10 f i ConvexHullUtils.obj
 0001:0002acc0       ?copy@?$Array@VPxPlane@physx@@VNamedAllocator@shdfnd@2@@shdfnd@physx@@KAXPAVPxPlane@3@0PBV43@@Z 1002bcc0 f i ConvexHullUtils.obj
[...]
 0003:00001a7d       ?fGetTemplateArgumentList@UnDecorator@@0_NA 10117a7d     libvcruntimed:undname.obj
 0003:00001a80       ?m_pGetParameter@UnDecorator@@0P6APADJ@ZA 10117a80     libvcruntimed:undname.obj
 0003:00001b08       ?nodes@?1??make@DNameStatusNode@@SAPAV2@W4DNameStatus@@@Z@4PAV2@A 10117b08     libvcruntimed:undname.obj
 0003:00001b44       ??_B?1??make@DNameStatusNode@@SAPAV1@W4DNameStatus@@@Z@51 10117b44     libvcruntimed:undname.obj
 0003:00001bfc       __pfnDumpClient            10117bfc     libucrtd:debug_heap.obj
 0003:00001fc4       __environ_table            10117fc4     libucrtd:environment_initialization.obj
 0003:00001fc8       __wenviron_table           10117fc8     libucrtd:environment_initialization.obj
 0003:00001fd0       ___dcrt_initial_wide_environment 10117fd0     libucrtd:environment_initialization.obj
 0003:00001fd4       ___dcrt_initial_narrow_environment 10117fd4     libucrtd:environment_initialization.obj
 0003:00001fd8       ___acrt_atexit_table       10117fd8     libucrtd:onexit.obj
 0003:00001fe8       ___acrt_at_quick_exit_table 10117fe8     libucrtd:onexit.obj
 0003:00001ff8       ___fastflag                10117ff8     libucrtd:fp_flags.obj
 0003:00002004       __pReportHookListW         10118004     libucrtd:dbgrptt.obj
 0003:00002008       __pfnReportHook            10118008     libucrtd:dbgrptt.obj
 0003:0000200c       __pReportHookList          1011800c     libucrtd:dbgrptt.obj
 0003:000021b0       ___acrt_locale_changed_data 101181b0     libucrtd:wsetlocale.obj
 0003:000021b4       ___acrt_current_locale_data 101181b4     libucrtd:nlsdata.obj
 0003:000021b8       ___acrt_heap               101181b8     libucrtd:heap_handle.obj
 0003:000022c4       ___mbcodepage              101182c4     libucrtd:mbctype.obj
 0003:000022c8       ___ismbcodepage            101182c8     libucrtd:mbctype.obj
 0003:000022cc       ___mbulinfo                101182cc     libucrtd:mbctype.obj
 0003:000022e0       ___mblocalename            101182e0     libucrtd:mbctype.obj
 0003:000022e8       ___argc                    101182e8     libucrtd:argv_data.obj
 0003:000022ec       ___argv                    101182ec     libucrtd:argv_data.obj
 0003:000022f0       ___wargv                   101182f0     libucrtd:argv_data.obj
 0003:000022f4       __acmdln                   101182f4     libucrtd:argv_data.obj
 0003:000022f8       __wcmdln                   101182f8     libucrtd:argv_data.obj
 0003:000022fc       __pgmptr                   101182fc     libucrtd:argv_data.obj
 0003:00002300       __wpgmptr                  10118300     libucrtd:argv_data.obj
 0003:00002308       ___pioinfo                 10118308     libucrtd:ioinit.obj
 0003:00002570       __nhandle                  10118570     libucrtd:ioinit.obj
 0003:00002574       ___acrt_stdout_buffer      10118574     libucrtd:_sftbuf.obj
 0003:00002578       ___acrt_stderr_buffer      10118578     libucrtd:_sftbuf.obj
 0003:0000257c       __nstream                  1011857c     libucrtd:_file.obj
 0003:00002580       ___piob                    10118580     libucrtd:_file.obj
 0003:00002588       __cflush                   10118588     libucrtd:_file.obj
 0003:00002cfb       ___acrt_lconv_static_null  10118cfb     libucrtd:localeconv.obj
 0003:00002cfc       ___acrt_lconv_static_W_null 10118cfc     libucrtd:localeconv.obj
 0003:00002d04       ?g_OutOfMemoryExceptionCallback@@3P6GPAXXZA 10118d04     libvcruntimed:frame.obj
 0003:00002d08       ___scrt_ucrt_dll_is_in_use 10118d08     <common>
 0003:00002d14       ___dyn_tls_init_callback   10118d14     <common>
 0003:00002d20       __pmatherr                 10118d20     <common>
 0003:00002d2c       ___use_sse2_mathfcns       10118d2c     <common>
 0004:00000000       __imp__LoadLibraryA@4      10119000     kernel32:KERNEL32.dll
 0004:00000004       __imp__RaiseException@16   10119004     kernel32:KERNEL32.dll
 0004:00000008       __imp__GetLastError@0      10119008     kernel32:KERNEL32.dll
 0004:0000000c       __imp__GetSystemInfo@4     1011900c     kernel32:KERNEL32.dll
 0004:00000010       __imp__VirtualProtect@16   10119010     kernel32:KERNEL32.dll
 0004:00000014       __imp__VirtualQuery@12     10119014     kernel32:KERNEL32.dll
 0004:00000018       __imp__FreeLibrary@4       10119018     kernel32:KERNEL32.dll
 0004:0000001c       __imp__GetModuleHandleW@4  1011901c     kernel32:KERNEL32.dll
 0004:00000020       __imp__GetProcAddress@8    10119020     kernel32:KERNEL32.dll
 0004:00000024       __imp__LoadLibraryExA@12   10119024     kernel32:KERNEL32.dll
 0004:00000028       __imp__InitializeSListHead@4 10119028     kernel32:KERNEL32.dll
 0004:0000002c       __imp__QueryPerformanceCounter@4 1011902c     kernel32:KERNEL32.dll
 0004:00000030       __imp__GetCurrentProcessId@0 10119030     kernel32:KERNEL32.dll
 0004:00000034       __imp__GetCurrentThreadId@0 10119034     kernel32:KERNEL32.dll
 0004:00000038       __imp__GetSystemTimeAsFileTime@4 10119038     kernel32:KERNEL32.dll
 0004:0000003c       __imp__IsDebuggerPresent@0 1011903c     kernel32:KERNEL32.dll
 0004:00000040       __imp__UnhandledExceptionFilter@4 10119040     kernel32:KERNEL32.dll
 0004:00000044       __imp__SetUnhandledExceptionFilter@4 10119044     kernel32:KERNEL32.dll
 0004:00000048       __imp__GetStartupInfoW@4   10119048     kernel32:KERNEL32.dll
 0004:0000004c       __imp__IsProcessorFeaturePresent@4 1011904c     kernel32:KERNEL32.dll
 0004:00000050       __imp__GetCurrentProcess@0 10119050     kernel32:KERNEL32.dll
 0004:00000054       __imp__TerminateProcess@8  10119054     kernel32:KERNEL32.dll
 0004:00000058       __imp__MultiByteToWideChar@24 10119058     kernel32:KERNEL32.dll
 0004:0000005c       __imp__WideCharToMultiByte@32 1011905c     kernel32:KERNEL32.dll
 0004:00000060       __imp__HeapAlloc@12        10119060     kernel32:KERNEL32.dll
 0004:00000064       __imp__HeapFree@12         10119064     kernel32:KERNEL32.dll
 0004:00000068       __imp__GetProcessHeap@0    10119068     kernel32:KERNEL32.dll
 0004:0000006c       __imp__InterlockedPushEntrySList@8 1011906c     kernel32:KERNEL32.dll
 0004:00000070       __imp__InterlockedFlushSList@4 10119070     kernel32:KERNEL32.dll
 0004:00000074       __imp__GetModuleFileNameW@12 10119074     kernel32:KERNEL32.dll
 0004:00000078       __imp__LoadLibraryExW@12   10119078     kernel32:KERNEL32.dll
 0004:0000007c       __imp__RtlUnwind@16        1011907c     kernel32:KERNEL32.dll
 0004:00000080       __imp__SetLastError@4      10119080     kernel32:KERNEL32.dll
 0004:00000084       __imp__EnterCriticalSection@4 10119084     kernel32:KERNEL32.dll
 0004:00000088       __imp__LeaveCriticalSection@4 10119088     kernel32:KERNEL32.dll
 0004:0000008c       __imp__DeleteCriticalSection@4 1011908c     kernel32:KERNEL32.dll
 0004:00000090       __imp__InitializeCriticalSectionAndSpinCount@8 10119090     kernel32:KERNEL32.dll
 0004:00000094       __imp__TlsAlloc@0          10119094     kernel32:KERNEL32.dll
 0004:00000098       __imp__TlsGetValue@4       10119098     kernel32:KERNEL32.dll
 0004:0000009c       __imp__TlsSetValue@8       1011909c     kernel32:KERNEL32.dll
 0004:000000a0       __imp__TlsFree@4           101190a0     kernel32:KERNEL32.dll
 0004:000000a4       __imp__GetModuleFileNameA@12 101190a4     kernel32:KERNEL32.dll
 0004:000000a8       __imp__GetModuleHandleExW@12 101190a8     kernel32:KERNEL32.dll
 0004:000000ac       __imp__HeapValidate@12     101190ac     kernel32:KERNEL32.dll
 0004:000000b0       __imp__ExitProcess@4       101190b0     kernel32:KERNEL32.dll
 0004:000000b4       __imp__EncodePointer@4     101190b4     kernel32:KERNEL32.dll
 0004:000000b8       __imp__DecodePointer@4     101190b8     kernel32:KERNEL32.dll
 0004:000000bc       __imp__GetStdHandle@4      101190bc     kernel32:KERNEL32.dll
 0004:000000c0       __imp__GetFileType@4       101190c0     kernel32:KERNEL32.dll
 0004:000000c4       __imp__WriteFile@20        101190c4     kernel32:KERNEL32.dll
 0004:000000c8       __imp__OutputDebugStringA@4 101190c8     kernel32:KERNEL32.dll
 0004:000000cc       __imp__OutputDebugStringW@4 101190cc     kernel32:KERNEL32.dll
 0004:000000d0       __imp__WriteConsoleW@20    101190d0     kernel32:KERNEL32.dll
 0004:000000d4       __imp__CloseHandle@4       101190d4     kernel32:KERNEL32.dll
 0004:000000d8       __imp__WaitForSingleObjectEx@12 101190d8     kernel32:KERNEL32.dll
 0004:000000dc       __imp__CreateThread@24     101190dc     kernel32:KERNEL32.dll
 0004:000000e0       __imp__SetConsoleCtrlHandler@8 101190e0     kernel32:KERNEL32.dll
 0004:000000e4       __imp__HeapReAlloc@16      101190e4     kernel32:KERNEL32.dll
 0004:000000e8       __imp__GetCurrentThread@0  101190e8     kernel32:KERNEL32.dll
 0004:000000ec       __imp__HeapSize@12         101190ec     kernel32:KERNEL32.dll
 0004:000000f0       __imp__HeapQueryInformation@20 101190f0     kernel32:KERNEL32.dll
 0004:000000f4       __imp__GetACP@0            101190f4     kernel32:KERNEL32.dll
 0004:000000f8       __imp__GetDateFormatW@24   101190f8     kernel32:KERNEL32.dll
 0004:000000fc       __imp__GetTimeFormatW@24   101190fc     kernel32:KERNEL32.dll
 0004:00000100       __imp__CompareStringW@24   10119100     kernel32:KERNEL32.dll
 0004:00000104       __imp__LCMapStringW@24     10119104     kernel32:KERNEL32.dll
 0004:00000108       __imp__GetLocaleInfoW@16   10119108     kernel32:KERNEL32.dll
 0004:0000010c       __imp__IsValidLocale@8     1011910c     kernel32:KERNEL32.dll
 0004:00000110       __imp__GetUserDefaultLCID@0 10119110     kernel32:KERNEL32.dll
 0004:00000114       __imp__EnumSystemLocalesW@8 10119114     kernel32:KERNEL32.dll
 0004:00000118       __imp__FindClose@4         10119118     kernel32:KERNEL32.dll
 0004:0000011c       __imp__FindFirstFileExA@24 1011911c     kernel32:KERNEL32.dll
 0004:00000120       __imp__FindFirstFileExW@24 10119120     kernel32:KERNEL32.dll
 0004:00000124       __imp__FindNextFileA@8     10119124     kernel32:KERNEL32.dll
 0004:00000128       __imp__FindNextFileW@8     10119128     kernel32:KERNEL32.dll
 0004:0000012c       __imp__IsValidCodePage@4   1011912c     kernel32:KERNEL32.dll
 0004:00000130       __imp__GetOEMCP@0          10119130     kernel32:KERNEL32.dll
 0004:00000134       __imp__GetCPInfo@8         10119134     kernel32:KERNEL32.dll
 0004:00000138       __imp__GetCommandLineA@0   10119138     kernel32:KERNEL32.dll
 0004:0000013c       __imp__GetCommandLineW@0   1011913c     kernel32:KERNEL32.dll
 0004:00000140       __imp__GetEnvironmentStringsW@0 10119140     kernel32:KERNEL32.dll
 0004:00000144       __imp__FreeEnvironmentStringsW@4 10119144     kernel32:KERNEL32.dll
 0004:00000148       __imp__SetEnvironmentVariableA@8 10119148     kernel32:KERNEL32.dll
 0004:0000014c       __imp__SetEnvironmentVariableW@8 1011914c     kernel32:KERNEL32.dll
 0004:00000150       __imp__GetStringTypeW@16   10119150     kernel32:KERNEL32.dll
 0004:00000154       __imp__SetStdHandle@8      10119154     kernel32:KERNEL32.dll
 0004:00000158       __imp__FlushFileBuffers@4  10119158     kernel32:KERNEL32.dll
 0004:0000015c       __imp__GetConsoleCP@0      1011915c     kernel32:KERNEL32.dll
 0004:00000160       __imp__GetConsoleMode@8    10119160     kernel32:KERNEL32.dll
 0004:00000164       __imp__SetFilePointerEx@20 10119164     kernel32:KERNEL32.dll
 0004:00000168       __imp__CreateFileW@28      10119168     kernel32:KERNEL32.dll
 0004:0000016c       \177KERNEL32_NULL_THUNK_DATA 1011916c     kernel32:KERNEL32.dll
 0004:000001e0       __IMPORT_DESCRIPTOR_KERNEL32 101191e0     kernel32:KERNEL32.dll
 0004:000001f4       __NULL_IMPORT_DESCRIPTOR   101191f4     kernel32:KERNEL32.dll
 0005:00000000       __DELAY_IMPORT_DESCRIPTOR_PxFoundationDEBUG_x86_dll 1011a000     PxFoundationDEBUG_x86:PxFoundationDEBUG_x86.dll
 0005:00000020       __DELAY_IMPORT_DESCRIPTOR_PhysX3CommonDEBUG_x86_dll 1011a020     PhysX3CommonDEBUG_x86:PhysX3CommonDEBUG_x86.dll
 0005:00000040       __NULL_DELAY_IMPORT_DESCRIPTOR 1011a040     PxFoundationDEBUG_x86:PxFoundationDEBUG_x86.dll
 0005:000000ec       \177PhysX3CommonDEBUG_x86_NULL_THUNK_DATA_DLN 1011a0ec     PhysX3CommonDEBUG_x86:PhysX3CommonDEBUG_x86.dll
 0005:00000178       \177PxFoundationDEBUG_x86_NULL_THUNK_DATA_DLN 1011a178     PxFoundationDEBUG_x86:PxFoundationDEBUG_x86.dll
 0005:000001b0       __imp_??1BV4Tree@Gu@physx@@QAE@XZ 1011a1b0     PhysX3CommonDEBUG_x86:PhysX3CommonDEBUG_x86.dll
 0005:000001b4       __imp_?releaseMemory@HeightField@Gu@physx@@QAEXXZ 1011a1b4     PhysX3CommonDEBUG_x86:PhysX3CommonDEBUG_x86.dll
 0005:000001b8       __imp_?loadFromDesc@HeightField@Gu@physx@@QAE_NABVPxHeightFieldDesc@3@@Z 1011a1b8     PhysX3CommonDEBUG_x86:PhysX3CommonDEBUG_x86.dll
 0005:000001bc       __imp_??0HeightField@Gu@physx@@QAE@PAVGuMeshFactory@2@@Z 1011a1bc     PhysX3CommonDEBUG_x86:PhysX3CommonDEBUG_x86.dll
 0005:000001c0       __imp_?ReadHeader@Gu@physx@@YA_NEEEEAAIAA_NAAVPxInputStream@2@@Z 1011a1c0     PhysX3CommonDEBUG_x86:PhysX3CommonDEBUG_x86.dll
 0005:000001c4       __imp_?readDword@physx@@YAI_NAAVPxInputStream@1@@Z 1011a1c4     PhysX3CommonDEBUG_x86:PhysX3CommonDEBUG_x86.dll
 0005:000001c8       __imp_??1BigConvexData@physx@@QAE@XZ 1011a1c8     PhysX3CommonDEBUG_x86:PhysX3CommonDEBUG_x86.dll
 0005:000001cc       __imp_??0BigConvexData@physx@@QAE@XZ 1011a1cc     PhysX3CommonDEBUG_x86:PhysX3CommonDEBUG_x86.dll
 0005:000001d0       __imp_?computeOBBPoints@Gu@physx@@YAXPIAVPxVec3@2@ABV32@1111@Z 1011a1d0     PhysX3CommonDEBUG_x86:PhysX3CommonDEBUG_x86.dll
 0005:000001d4       __imp_?Sort@RadixSortBuffered@Cm@physx@@QAEAAV123@PBIIW4RadixHint@23@@Z 1011a1d4     PhysX3CommonDEBUG_x86:PhysX3CommonDEBUG_x86.dll
 0005:000001d8       __imp_??1RadixSortBuffered@Cm@physx@@UAE@XZ 1011a1d8     PhysX3CommonDEBUG_x86:PhysX3CommonDEBUG_x86.dll
 0005:000001dc       __imp_??0RadixSortBuffered@Cm@physx@@QAE@XZ 1011a1dc     PhysX3CommonDEBUG_x86:PhysX3CommonDEBUG_x86.dll
 0005:000001e0       __imp_?GetRanks@RadixSort@Cm@physx@@QBEPBIXZ 1011a1e0     PhysX3CommonDEBUG_x86:PhysX3CommonDEBUG_x86.dll
 0005:000001e4       __imp_?CreateOffsets@BigConvexData@physx@@IAEXXZ 1011a1e4     PhysX3CommonDEBUG_x86:PhysX3CommonDEBUG_x86.dll
 0005:000001e8       __imp_?StoreIndices@Gu@physx@@YAXGIPBGAAVPxOutputStream@2@_N@Z 1011a1e8     PhysX3CommonDEBUG_x86:PhysX3CommonDEBUG_x86.dll
 0005:000001ec       __imp_?WriteHeader@Gu@physx@@YA_NEEEEI_NAAVPxOutputStream@2@@Z 1011a1ec     PhysX3CommonDEBUG_x86:PhysX3CommonDEBUG_x86.dll
 0005:000001f0       __imp_?computeMaxIndex@physx@@YAGPBGI@Z 1011a1f0     PhysX3CommonDEBUG_x86:PhysX3CommonDEBUG_x86.dll
 0005:000001f4       __imp_?BuildBV32Ex@Gu@physx@@YA_NAAVBV32Tree@12@AAVSourceMesh@12@MI@Z 1011a1f4     PhysX3CommonDEBUG_x86:PhysX3CommonDEBUG_x86.dll
 0005:000001f8       __imp_?writeWord@physx@@YAXG_NAAVPxOutputStream@1@@Z 1011a1f8     PhysX3CommonDEBUG_x86:PhysX3CommonDEBUG_x86.dll
 0005:000001fc       __imp_?writeDword@physx@@YAXI_NAAVPxOutputStream@1@@Z 1011a1fc     PhysX3CommonDEBUG_x86:PhysX3CommonDEBUG_x86.dll
 0005:00000200       __imp_?writeFloat@physx@@YAXM_NAAVPxOutputStream@1@@Z 1011a200     PhysX3CommonDEBUG_x86:PhysX3CommonDEBUG_x86.dll
 0005:00000204       __imp_?writeHeader@physx@@YA_NCCCCI_NAAVPxOutputStream@1@@Z 1011a204     PhysX3CommonDEBUG_x86:PhysX3CommonDEBUG_x86.dll
 0005:00000208       __imp_?validate@RTree@Gu@physx@@QAEXPAUCallbackRefit@123@@Z 1011a208     PhysX3CommonDEBUG_x86:PhysX3CommonDEBUG_x86.dll
 0005:0000020c       __imp_??0SourceMesh@Gu@physx@@QAE@XZ 1011a20c     PhysX3CommonDEBUG_x86:PhysX3CommonDEBUG_x86.dll
 0005:00000210       __imp_??1SourceMesh@Gu@physx@@QAE@XZ 1011a210     PhysX3CommonDEBUG_x86:PhysX3CommonDEBUG_x86.dll
 0005:00000214       __imp_??0BV4Tree@Gu@physx@@QAE@XZ 1011a214     PhysX3CommonDEBUG_x86:PhysX3CommonDEBUG_x86.dll
 0005:00000218       __imp_??1HeightField@Gu@physx@@UAE@XZ 1011a218     PhysX3CommonDEBUG_x86:PhysX3CommonDEBUG_x86.dll
 0005:0000021c       __imp_??0BV32Tree@Gu@physx@@QAE@XZ 1011a21c     PhysX3CommonDEBUG_x86:PhysX3CommonDEBUG_x86.dll
 0005:00000220       __imp_??1BV32Tree@Gu@physx@@QAE@XZ 1011a220     PhysX3CommonDEBUG_x86:PhysX3CommonDEBUG_x86.dll
 0005:00000224       __imp_?writeFloatBuffer@physx@@YAXPBMI_NAAVPxOutputStream@1@@Z 1011a224     PhysX3CommonDEBUG_x86:PhysX3CommonDEBUG_x86.dll
 0005:00000228       __imp_?writeWordBuffer@physx@@YAXPBGI_NAAVPxOutputStream@1@@Z 1011a228     PhysX3CommonDEBUG_x86:PhysX3CommonDEBUG_x86.dll
 0005:0000022c       __imp_?computeMaxIndex@physx@@YAIPBII@Z 1011a22c     PhysX3CommonDEBUG_x86:PhysX3CommonDEBUG_x86.dll
 0005:00000230       __imp_?storeIndices@physx@@YAXIIPBIAAVPxOutputStream@1@_N@Z 1011a230     PhysX3CommonDEBUG_x86:PhysX3CommonDEBUG_x86.dll
 0005:00000234       __imp_?computeBoundsAroundVertices@Gu@physx@@YAXAAVPxBounds3@2@IPIBVPxVec3@2@@Z 1011a234     PhysX3CommonDEBUG_x86:PhysX3CommonDEBUG_x86.dll
 0005:00000238       __imp_?BuildBV4Ex@Gu@physx@@YA_NAAVBV4Tree@12@AAVSourceMesh@12@MI@Z 1011a238     PhysX3CommonDEBUG_x86:PhysX3CommonDEBUG_x86.dll
 0005:0000023c       \177PhysX3CommonDEBUG_x86_NULL_THUNK_DATA_DLA 1011a23c     PhysX3CommonDEBUG_x86:PhysX3CommonDEBUG_x86.dll
 0005:00000284       __imp_??1FPUGuard@shdfnd@physx@@QAE@XZ 1011a284     PxFoundationDEBUG_x86:PxFoundationDEBUG_x86.dll
 0005:00000288       __imp_??0FPUGuard@shdfnd@physx@@QAE@XZ 1011a288     PxFoundationDEBUG_x86:PxFoundationDEBUG_x86.dll
 0005:0000028c       __imp_?decRefCount@Foundation@shdfnd@physx@@SAXXZ 1011a28c     PxFoundationDEBUG_x86:PxFoundationDEBUG_x86.dll
 0005:00000290       __imp_?incRefCount@Foundation@shdfnd@physx@@SAXXZ 1011a290     PxFoundationDEBUG_x86:PxFoundationDEBUG_x86.dll
 0005:00000294       __imp_?PxDiagonalize@physx@@YA?AVPxVec3@1@ABVPxMat33@1@AAVPxQuat@1@@Z 1011a294     PxFoundationDEBUG_x86:PxFoundationDEBUG_x86.dll
 0005:00000298       __imp_?error@Foundation@shdfnd@physx@@QAAXW4Enum@PxErrorCode@3@PBDH1ZZ 1011a298     PxFoundationDEBUG_x86:PxFoundationDEBUG_x86.dll
 0005:0000029c       __imp_?getInstance@Foundation@shdfnd@physx@@SAAAV123@XZ 1011a29c     PxFoundationDEBUG_x86:PxFoundationDEBUG_x86.dll
 0005:000002a0       __imp__PxGetFoundation     1011a2a0     PxFoundationDEBUG_x86:PxFoundationDEBUG_x86.dll
 0005:000002a4       __imp_?deallocate@TempAllocator@shdfnd@physx@@QAEXPAX@Z 1011a2a4     PxFoundationDEBUG_x86:PxFoundationDEBUG_x86.dll
 0005:000002a8       __imp_?allocate@TempAllocator@shdfnd@physx@@QAEPAXIPBDH@Z 1011a2a8     PxFoundationDEBUG_x86:PxFoundationDEBUG_x86.dll
 0005:000002ac       __imp_?deallocate@NamedAllocator@shdfnd@physx@@QAEXPAX@Z 1011a2ac     PxFoundationDEBUG_x86:PxFoundationDEBUG_x86.dll
 0005:000002b0       __imp_?allocate@NamedAllocator@shdfnd@physx@@QAEPAXIPBDH@Z 1011a2b0     PxFoundationDEBUG_x86:PxFoundationDEBUG_x86.dll
 0005:000002b4       __imp_??1NamedAllocator@shdfnd@physx@@QAE@XZ 1011a2b4     PxFoundationDEBUG_x86:PxFoundationDEBUG_x86.dll
 0005:000002b8       __imp_??0NamedAllocator@shdfnd@physx@@QAE@ABV012@@Z 1011a2b8     PxFoundationDEBUG_x86:PxFoundationDEBUG_x86.dll
 0005:000002bc       __imp_??0NamedAllocator@shdfnd@physx@@QAE@PBD@Z 1011a2bc     PxFoundationDEBUG_x86:PxFoundationDEBUG_x86.dll
 0005:000002c0       __imp_?getAllocator@shdfnd@physx@@YAAAVPxAllocatorCallback@2@XZ 1011a2c0     PxFoundationDEBUG_x86:PxFoundationDEBUG_x86.dll
 0005:000002c4       __imp_?PxGetAssertHandler@physx@@YAAAVPxAssertHandler@1@XZ 1011a2c4     PxFoundationDEBUG_x86:PxFoundationDEBUG_x86.dll
 0005:000002c8       \177PxFoundationDEBUG_x86_NULL_THUNK_DATA_DLA 1011a2c8     PxFoundationDEBUG_x86:PxFoundationDEBUG_x86.dll
 0005:00000eec       \177PxFoundationDEBUG_x86_NULL_THUNK_DATA_DLB 1011aeec     PxFoundationDEBUG_x86:PxFoundationDEBUG_x86.dll
 0005:00000f34       \177PhysX3CommonDEBUG_x86_NULL_THUNK_DATA_DLB 1011af34     PhysX3CommonDEBUG_x86:PhysX3CommonDEBUG_x86.dll
 0007:00000000       ___guard_check_icall_fptr  1011d000     LIBCMTD:guard_support.obj
